C:/Users/zhang_liu/workspaceS32DS.3.5/S32K358_TEMPLATE_S32DS/S32K358_TEMPLATE_S32DS_M7_0_0/MCAL/Port_TS_T40D34M30I0R0/src/Siul2_Port_Ip.c:273:13:Siul2_Port_Ip_PinInit	16	static
C:/Users/zhang_liu/workspaceS32DS.3.5/S32K358_TEMPLATE_S32DS/S32K358_TEMPLATE_S32DS_M7_0_0/MCAL/Port_TS_T40D34M30I0R0/src/Siul2_Port_Ip.c:627:30:Siul2_Port_Ip_Init	24	static
C:/Users/zhang_liu/workspaceS32DS.3.5/S32K358_TEMPLATE_S32DS/S32K358_TEMPLATE_S32DS_M7_0_0/MCAL/Port_TS_T40D34M30I0R0/src/Siul2_Port_Ip.c:661:6:Siul2_Port_Ip_SetPullSel	16	static
C:/Users/zhang_liu/workspaceS32DS.3.5/S32K358_TEMPLATE_S32DS/S32K358_TEMPLATE_S32DS_M7_0_0/MCAL/Port_TS_T40D34M30I0R0/src/Siul2_Port_Ip.c:735:6:Siul2_Port_Ip_SetOutputBuffer	24	static
C:/Users/zhang_liu/workspaceS32DS.3.5/S32K358_TEMPLATE_S32DS/S32K358_TEMPLATE_S32DS_M7_0_0/MCAL/Port_TS_T40D34M30I0R0/src/Siul2_Port_Ip.c:767:6:Siul2_Port_Ip_SetInputBuffer	24	static
C:/Users/zhang_liu/workspaceS32DS.3.5/S32K358_TEMPLATE_S32DS/S32K358_TEMPLATE_S32DS_M7_0_0/MCAL/Port_TS_T40D34M30I0R0/src/Siul2_Port_Ip.c:828:6:Siul2_Port_Ip_SetPinDirection	16	static
C:/Users/zhang_liu/workspaceS32DS.3.5/S32K358_TEMPLATE_S32DS/S32K358_TEMPLATE_S32DS_M7_0_0/MCAL/Port_TS_T40D34M30I0R0/src/Siul2_Port_Ip.c:874:8:Siul2_Port_Ip_RevertPinConfiguration	24	static
C:/Users/zhang_liu/workspaceS32DS.3.5/S32K358_TEMPLATE_S32DS/S32K358_TEMPLATE_S32DS_M7_0_0/MCAL/Port_TS_T40D34M30I0R0/src/Siul2_Port_Ip.c:928:6:Siul2_Port_Ip_GetPinConfiguration	24	static
