C:/Users/zhang_liu/workspaceS32DS.3.5/S32K358_TEMPLATE_S32DS/S32K358_TEMPLATE_S32DS_M7_0_0/MCAL/Platform_TS_T40D34M30I0R0/startup/src/sys_init.c:201:6:sys_enableAllInterrupts	0	static
C:/Users/zhang_liu/workspaceS32DS.3.5/S32K358_TEMPLATE_S32DS/S32K358_TEMPLATE_S32DS_M7_0_0/MCAL/Platform_TS_T40D34M30I0R0/startup/src/sys_init.c:211:6:sys_disableAllInterrupts	0	static
C:/Users/zhang_liu/workspaceS32DS.3.5/S32K358_TEMPLATE_S32DS/S32K358_TEMPLATE_S32DS_M7_0_0/MCAL/Platform_TS_T40D34M30I0R0/startup/src/sys_init.c:221:6:sys_disableIsrSource	0	static
C:/Users/zhang_liu/workspaceS32DS.3.5/S32K358_TEMPLATE_S32DS/S32K358_TEMPLATE_S32DS_M7_0_0/MCAL/Platform_TS_T40D34M30I0R0/startup/src/sys_init.c:231:6:sys_enableIsrSource	8	static
C:/Users/zhang_liu/workspaceS32DS.3.5/S32K358_TEMPLATE_S32DS/S32K358_TEMPLATE_S32DS_M7_0_0/MCAL/Platform_TS_T40D34M30I0R0/startup/src/sys_init.c:242:6:sys_registerIsrHandler	0	static
C:/Users/zhang_liu/workspaceS32DS.3.5/S32K358_TEMPLATE_S32DS/S32K358_TEMPLATE_S32DS_M7_0_0/MCAL/Platform_TS_T40D34M30I0R0/startup/src/sys_init.c:900:16:sys_init	56	static
C:/Users/zhang_liu/workspaceS32DS.3.5/S32K358_TEMPLATE_S32DS/S32K358_TEMPLATE_S32DS_M7_0_0/MCAL/Platform_TS_T40D34M30I0R0/startup/src/sys_init.c:928:6:sys_halt	0	static
C:/Users/zhang_liu/workspaceS32DS.3.5/S32K358_TEMPLATE_S32DS/S32K358_TEMPLATE_S32DS_M7_0_0/MCAL/Platform_TS_T40D34M30I0R0/startup/src/sys_init.c:940:6:sys_stop	0	static
C:/Users/zhang_liu/workspaceS32DS.3.5/S32K358_TEMPLATE_S32DS/S32K358_TEMPLATE_S32DS_M7_0_0/MCAL/Platform_TS_T40D34M30I0R0/startup/src/sys_init.c:945:7:EUnit_GetCoreID	0	static
