C:/Users/zhang_liu/workspaceS32DS.3.5/S32K358_TEMPLATE_S32DS/S32K358_TEMPLATE_S32DS_M7_0_0/MCAL/Platform_TS_T40D34M30I0R0/src/IntCtrl_Ip.c:194:6:IntCtrl_Ip_InstallHandlerPrivileged	8	static
C:/Users/zhang_liu/workspaceS32DS.3.5/S32K358_TEMPLATE_S32DS/S32K358_TEMPLATE_S32DS_M7_0_0/MCAL/Platform_TS_T40D34M30I0R0/src/IntCtrl_Ip.c:248:6:IntCtrl_Ip_EnableIrqPrivileged	0	static
C:/Users/zhang_liu/workspaceS32DS.3.5/S32K358_TEMPLATE_S32DS/S32K358_TEMPLATE_S32DS_M7_0_0/MCAL/Platform_TS_T40D34M30I0R0/src/IntCtrl_Ip.c:277:6:IntCtrl_Ip_DisableIrqPrivileged	0	static
C:/Users/zhang_liu/workspaceS32DS.3.5/S32K358_TEMPLATE_S32DS/S32K358_TEMPLATE_S32DS_M7_0_0/MCAL/Platform_TS_T40D34M30I0R0/src/IntCtrl_Ip.c:307:6:IntCtrl_Ip_SetPriorityPrivileged	0	static
C:/Users/zhang_liu/workspaceS32DS.3.5/S32K358_TEMPLATE_S32DS/S32K358_TEMPLATE_S32DS_M7_0_0/MCAL/Platform_TS_T40D34M30I0R0/src/IntCtrl_Ip.c:367:7:IntCtrl_Ip_GetPriorityPrivileged	0	static
C:/Users/zhang_liu/workspaceS32DS.3.5/S32K358_TEMPLATE_S32DS/S32K358_TEMPLATE_S32DS_M7_0_0/MCAL/Platform_TS_T40D34M30I0R0/src/IntCtrl_Ip.c:414:6:IntCtrl_Ip_ClearPendingPrivileged	0	static
C:/Users/zhang_liu/workspaceS32DS.3.5/S32K358_TEMPLATE_S32DS/S32K358_TEMPLATE_S32DS_M7_0_0/MCAL/Platform_TS_T40D34M30I0R0/src/IntCtrl_Ip.c:589:6:IntCtrl_Ip_ClearDirectedCpuInterruptPrivileged	0	static
C:/Users/zhang_liu/workspaceS32DS.3.5/S32K358_TEMPLATE_S32DS/S32K358_TEMPLATE_S32DS_M7_0_0/MCAL/Platform_TS_T40D34M30I0R0/src/IntCtrl_Ip.c:607:8:IntCtrl_Ip_GetDirectedCpuInterruptPrivileged	0	static
C:/Users/zhang_liu/workspaceS32DS.3.5/S32K358_TEMPLATE_S32DS/S32K358_TEMPLATE_S32DS_M7_0_0/MCAL/Platform_TS_T40D34M30I0R0/src/IntCtrl_Ip.c:626:6:IntCtrl_Ip_GenerateDirectedCpuInterruptPrivileged	12	static
C:/Users/zhang_liu/workspaceS32DS.3.5/S32K358_TEMPLATE_S32DS/S32K358_TEMPLATE_S32DS_M7_0_0/MCAL/Platform_TS_T40D34M30I0R0/src/IntCtrl_Ip.c:680:23:IntCtrl_Ip_Init	16	static
C:/Users/zhang_liu/workspaceS32DS.3.5/S32K358_TEMPLATE_S32DS/S32K358_TEMPLATE_S32DS_M7_0_0/MCAL/Platform_TS_T40D34M30I0R0/src/IntCtrl_Ip.c:750:6:IntCtrl_Ip_InstallHandler	0	static
C:/Users/zhang_liu/workspaceS32DS.3.5/S32K358_TEMPLATE_S32DS/S32K358_TEMPLATE_S32DS_M7_0_0/MCAL/Platform_TS_T40D34M30I0R0/src/IntCtrl_Ip.c:762:6:IntCtrl_Ip_EnableIrq	0	static
C:/Users/zhang_liu/workspaceS32DS.3.5/S32K358_TEMPLATE_S32DS/S32K358_TEMPLATE_S32DS_M7_0_0/MCAL/Platform_TS_T40D34M30I0R0/src/IntCtrl_Ip.c:772:6:IntCtrl_Ip_DisableIrq	0	static
C:/Users/zhang_liu/workspaceS32DS.3.5/S32K358_TEMPLATE_S32DS/S32K358_TEMPLATE_S32DS_M7_0_0/MCAL/Platform_TS_T40D34M30I0R0/src/IntCtrl_Ip.c:782:6:IntCtrl_Ip_SetPriority	0	static
C:/Users/zhang_liu/workspaceS32DS.3.5/S32K358_TEMPLATE_S32DS/S32K358_TEMPLATE_S32DS_M7_0_0/MCAL/Platform_TS_T40D34M30I0R0/src/IntCtrl_Ip.c:792:7:IntCtrl_Ip_GetPriority	0	static
C:/Users/zhang_liu/workspaceS32DS.3.5/S32K358_TEMPLATE_S32DS/S32K358_TEMPLATE_S32DS_M7_0_0/MCAL/Platform_TS_T40D34M30I0R0/src/IntCtrl_Ip.c:802:6:IntCtrl_Ip_ClearPending	0	static
C:/Users/zhang_liu/workspaceS32DS.3.5/S32K358_TEMPLATE_S32DS/S32K358_TEMPLATE_S32DS_M7_0_0/MCAL/Platform_TS_T40D34M30I0R0/src/IntCtrl_Ip.c:866:6:IntCtrl_Ip_ClearDirectedCpuInterrupt	0	static
C:/Users/zhang_liu/workspaceS32DS.3.5/S32K358_TEMPLATE_S32DS/S32K358_TEMPLATE_S32DS_M7_0_0/MCAL/Platform_TS_T40D34M30I0R0/src/IntCtrl_Ip.c:875:9:IntCtrl_Ip_GetDirectedCpuInterrupt	8	static
C:/Users/zhang_liu/workspaceS32DS.3.5/S32K358_TEMPLATE_S32DS/S32K358_TEMPLATE_S32DS_M7_0_0/MCAL/Platform_TS_T40D34M30I0R0/src/IntCtrl_Ip.c:884:6:IntCtrl_Ip_GenerateDirectedCpuInterrupt	0	static
