C:/Users/zhang_liu/workspaceS32DS.3.5/S32K358_TEMPLATE_S32DS/S32K358_TEMPLATE_S32DS_M7_0_0/MCAL/Platform_TS_T40D34M30I0R0/src/Platform.c:156:6:Platform_Init	0	static
C:/Users/zhang_liu/workspaceS32DS.3.5/S32K358_TEMPLATE_S32DS/S32K358_TEMPLATE_S32DS_M7_0_0/MCAL/Platform_TS_T40D34M30I0R0/src/Platform.c:210:16:Platform_SetIrq	8	static
C:/Users/zhang_liu/workspaceS32DS.3.5/S32K358_TEMPLATE_S32DS/S32K358_TEMPLATE_S32DS_M7_0_0/MCAL/Platform_TS_T40D34M30I0R0/src/Platform.c:234:16:Platform_SetIrqPriority	8	static
C:/Users/zhang_liu/workspaceS32DS.3.5/S32K358_TEMPLATE_S32DS/S32K358_TEMPLATE_S32DS_M7_0_0/MCAL/Platform_TS_T40D34M30I0R0/src/Platform.c:265:16:Platform_GetIrqPriority	8	static
C:/Users/zhang_liu/workspaceS32DS.3.5/S32K358_TEMPLATE_S32DS/S32K358_TEMPLATE_S32DS_M7_0_0/MCAL/Platform_TS_T40D34M30I0R0/src/Platform.c:295:16:Platform_InstallIrqHandler	8	static
