C:/Users/zhang_liu/workspaceS32DS.3.5/S32K358_TEMPLATE_S32DS/S32K358_TEMPLATE_S32DS_M7_0_0/MCAL/Platform_TS_T40D34M30I0R0/src/System_Ip.c:215:7:System_Ip_SetAhbSlavePriority	0	static
C:/Users/zhang_liu/workspaceS32DS.3.5/S32K358_TEMPLATE_S32DS/S32K358_TEMPLATE_S32DS_M7_0_0/MCAL/Platform_TS_T40D34M30I0R0/src/System_Ip.c:236:6:System_Ip_ConfigIrq	8	static
C:/Users/zhang_liu/workspaceS32DS.3.5/S32K358_TEMPLATE_S32DS/S32K358_TEMPLATE_S32DS_M7_0_0/MCAL/Platform_TS_T40D34M30I0R0/src/System_Ip.c:255:6:System_Ip_ClearWriteAbortFlag	0	static
C:/Users/zhang_liu/workspaceS32DS.3.5/S32K358_TEMPLATE_S32DS/S32K358_TEMPLATE_S32DS_M7_0_0/MCAL/Platform_TS_T40D34M30I0R0/src/System_Ip.c:274:8:System_Ip_GetPlatformRevision	0	static
