C:/Users/zhang_liu/workspaceS32DS.3.5/S32K358_TEMPLATE_S32DS/S32K358_TEMPLATE_S32DS_M7_0_0/MCAL/Mcu_TS_T40D34M30I0R0/src/Clock_Ip_Frequency.c:1758:15:Clock_Ip_Get_Zero_Frequency	0	static
C:/Users/zhang_liu/workspaceS32DS.3.5/S32K358_TEMPLATE_S32DS/S32K358_TEMPLATE_S32DS_M7_0_0/MCAL/Mcu_TS_T40D34M30I0R0/src/Clock_Ip_Frequency.c:1763:15:Clock_Ip_Get_FIRC_CLK_Frequency	0	static
C:/Users/zhang_liu/workspaceS32DS.3.5/S32K358_TEMPLATE_S32DS/S32K358_TEMPLATE_S32DS_M7_0_0/MCAL/Mcu_TS_T40D34M30I0R0/src/Clock_Ip_Frequency.c:1772:15:Clock_Ip_Get_FIRC_STANDBY_CLK_Frequency	8	static
C:/Users/zhang_liu/workspaceS32DS.3.5/S32K358_TEMPLATE_S32DS/S32K358_TEMPLATE_S32DS_M7_0_0/MCAL/Mcu_TS_T40D34M30I0R0/src/Clock_Ip_Frequency.c:1778:15:Clock_Ip_Get_SIRC_CLK_Frequency	0	static
C:/Users/zhang_liu/workspaceS32DS.3.5/S32K358_TEMPLATE_S32DS/S32K358_TEMPLATE_S32DS_M7_0_0/MCAL/Mcu_TS_T40D34M30I0R0/src/Clock_Ip_Frequency.c:1782:15:Clock_Ip_Get_SIRC_STANDBY_CLK_Frequency	0	static
C:/Users/zhang_liu/workspaceS32DS.3.5/S32K358_TEMPLATE_S32DS/S32K358_TEMPLATE_S32DS_M7_0_0/MCAL/Mcu_TS_T40D34M30I0R0/src/Clock_Ip_Frequency.c:1788:15:Clock_Ip_Get_FXOSC_CLK_Frequency	0	static
C:/Users/zhang_liu/workspaceS32DS.3.5/S32K358_TEMPLATE_S32DS/S32K358_TEMPLATE_S32DS_M7_0_0/MCAL/Mcu_TS_T40D34M30I0R0/src/Clock_Ip_Frequency.c:1800:15:Clock_Ip_Get_SXOSC_CLK_Frequency	0	static
C:/Users/zhang_liu/workspaceS32DS.3.5/S32K358_TEMPLATE_S32DS/S32K358_TEMPLATE_S32DS_M7_0_0/MCAL/Mcu_TS_T40D34M30I0R0/src/Clock_Ip_Frequency.c:1907:15:Clock_Ip_Get_emac_mii_rx_Frequency	0	static
C:/Users/zhang_liu/workspaceS32DS.3.5/S32K358_TEMPLATE_S32DS/S32K358_TEMPLATE_S32DS_M7_0_0/MCAL/Mcu_TS_T40D34M30I0R0/src/Clock_Ip_Frequency.c:1913:15:Clock_Ip_Get_emac_mii_rmii_tx_Frequency	0	static
C:/Users/zhang_liu/workspaceS32DS.3.5/S32K358_TEMPLATE_S32DS/S32K358_TEMPLATE_S32DS_M7_0_0/MCAL/Mcu_TS_T40D34M30I0R0/src/Clock_Ip_Frequency.c:2019:15:Clock_Ip_Get_CLKOUT_RUN_CLK_Frequency	8	static
C:/Users/zhang_liu/workspaceS32DS.3.5/S32K358_TEMPLATE_S32DS/S32K358_TEMPLATE_S32DS_M7_0_0/MCAL/Mcu_TS_T40D34M30I0R0/src/Clock_Ip_Frequency.c:2157:15:Clock_Ip_Get_CLKOUT_STANDBY_CLK_Frequency	8	static
C:/Users/zhang_liu/workspaceS32DS.3.5/S32K358_TEMPLATE_S32DS/S32K358_TEMPLATE_S32DS_M7_0_0/MCAL/Mcu_TS_T40D34M30I0R0/src/Clock_Ip_Frequency.c:2853:15:Clock_Ip_Get_EMAC_RX_CLK_Frequency	8	static
C:/Users/zhang_liu/workspaceS32DS.3.5/S32K358_TEMPLATE_S32DS/S32K358_TEMPLATE_S32DS_M7_0_0/MCAL/Mcu_TS_T40D34M30I0R0/src/Clock_Ip_Frequency.c:2870:15:Clock_Ip_Get_EMAC_TS_CLK_Frequency	8	static
C:/Users/zhang_liu/workspaceS32DS.3.5/S32K358_TEMPLATE_S32DS/S32K358_TEMPLATE_S32DS_M7_0_0/MCAL/Mcu_TS_T40D34M30I0R0/src/Clock_Ip_Frequency.c:2887:15:Clock_Ip_Get_EMAC_TX_CLK_Frequency	8	static
C:/Users/zhang_liu/workspaceS32DS.3.5/S32K358_TEMPLATE_S32DS/S32K358_TEMPLATE_S32DS_M7_0_0/MCAL/Mcu_TS_T40D34M30I0R0/src/Clock_Ip_Frequency.c:3028:15:Clock_Ip_Get_FLEXCANA_CLK_Frequency	8	static
C:/Users/zhang_liu/workspaceS32DS.3.5/S32K358_TEMPLATE_S32DS/S32K358_TEMPLATE_S32DS_M7_0_0/MCAL/Mcu_TS_T40D34M30I0R0/src/Clock_Ip_Frequency.c:3035:15:Clock_Ip_Get_FLEXCAN0_CLK_Frequency	8	static
C:/Users/zhang_liu/workspaceS32DS.3.5/S32K358_TEMPLATE_S32DS/S32K358_TEMPLATE_S32DS_M7_0_0/MCAL/Mcu_TS_T40D34M30I0R0/src/Clock_Ip_Frequency.c:3041:15:Clock_Ip_Get_FLEXCAN1_CLK_Frequency	8	static
C:/Users/zhang_liu/workspaceS32DS.3.5/S32K358_TEMPLATE_S32DS/S32K358_TEMPLATE_S32DS_M7_0_0/MCAL/Mcu_TS_T40D34M30I0R0/src/Clock_Ip_Frequency.c:3047:15:Clock_Ip_Get_FLEXCAN2_CLK_Frequency	8	static
C:/Users/zhang_liu/workspaceS32DS.3.5/S32K358_TEMPLATE_S32DS/S32K358_TEMPLATE_S32DS_M7_0_0/MCAL/Mcu_TS_T40D34M30I0R0/src/Clock_Ip_Frequency.c:3054:15:Clock_Ip_Get_FLEXCANB_CLK_Frequency	8	static
C:/Users/zhang_liu/workspaceS32DS.3.5/S32K358_TEMPLATE_S32DS/S32K358_TEMPLATE_S32DS_M7_0_0/MCAL/Mcu_TS_T40D34M30I0R0/src/Clock_Ip_Frequency.c:3063:15:Clock_Ip_Get_FLEXCAN3_CLK_Frequency	8	static
C:/Users/zhang_liu/workspaceS32DS.3.5/S32K358_TEMPLATE_S32DS/S32K358_TEMPLATE_S32DS_M7_0_0/MCAL/Mcu_TS_T40D34M30I0R0/src/Clock_Ip_Frequency.c:3071:15:Clock_Ip_Get_FLEXCAN4_CLK_Frequency	8	static
C:/Users/zhang_liu/workspaceS32DS.3.5/S32K358_TEMPLATE_S32DS/S32K358_TEMPLATE_S32DS_M7_0_0/MCAL/Mcu_TS_T40D34M30I0R0/src/Clock_Ip_Frequency.c:3079:15:Clock_Ip_Get_FLEXCAN5_CLK_Frequency	8	static
C:/Users/zhang_liu/workspaceS32DS.3.5/S32K358_TEMPLATE_S32DS/S32K358_TEMPLATE_S32DS_M7_0_0/MCAL/Mcu_TS_T40D34M30I0R0/src/Clock_Ip_Frequency.c:3087:15:Clock_Ip_Get_FLEXCAN6_CLK_Frequency	8	static
C:/Users/zhang_liu/workspaceS32DS.3.5/S32K358_TEMPLATE_S32DS/S32K358_TEMPLATE_S32DS_M7_0_0/MCAL/Mcu_TS_T40D34M30I0R0/src/Clock_Ip_Frequency.c:3095:15:Clock_Ip_Get_FLEXCAN7_CLK_Frequency	8	static
C:/Users/zhang_liu/workspaceS32DS.3.5/S32K358_TEMPLATE_S32DS/S32K358_TEMPLATE_S32DS_M7_0_0/MCAL/Mcu_TS_T40D34M30I0R0/src/Clock_Ip_Frequency.c:3452:15:Clock_Ip_Get_QSPI_2XSFIF_CLK_Frequency	8	static
C:/Users/zhang_liu/workspaceS32DS.3.5/S32K358_TEMPLATE_S32DS/S32K358_TEMPLATE_S32DS_M7_0_0/MCAL/Mcu_TS_T40D34M30I0R0/src/Clock_Ip_Frequency.c:3485:15:Clock_Ip_Get_QSPI_SFCK_CLK_Frequency	8	static
C:/Users/zhang_liu/workspaceS32DS.3.5/S32K358_TEMPLATE_S32DS/S32K358_TEMPLATE_S32DS_M7_0_0/MCAL/Mcu_TS_T40D34M30I0R0/src/Clock_Ip_Frequency.c:3461:15:Clock_Ip_Get_QSPI0_CLK_Frequency	8	static
C:/Users/zhang_liu/workspaceS32DS.3.5/S32K358_TEMPLATE_S32DS/S32K358_TEMPLATE_S32DS_M7_0_0/MCAL/Mcu_TS_T40D34M30I0R0/src/Clock_Ip_Frequency.c:3657:15:Clock_Ip_Get_STMA_CLK_Frequency	8	static
C:/Users/zhang_liu/workspaceS32DS.3.5/S32K358_TEMPLATE_S32DS/S32K358_TEMPLATE_S32DS_M7_0_0/MCAL/Mcu_TS_T40D34M30I0R0/src/Clock_Ip_Frequency.c:3664:15:Clock_Ip_Get_STM0_CLK_Frequency	8	static
C:/Users/zhang_liu/workspaceS32DS.3.5/S32K358_TEMPLATE_S32DS/S32K358_TEMPLATE_S32DS_M7_0_0/MCAL/Mcu_TS_T40D34M30I0R0/src/Clock_Ip_Frequency.c:3671:15:Clock_Ip_Get_STMB_CLK_Frequency	8	static
C:/Users/zhang_liu/workspaceS32DS.3.5/S32K358_TEMPLATE_S32DS/S32K358_TEMPLATE_S32DS_M7_0_0/MCAL/Mcu_TS_T40D34M30I0R0/src/Clock_Ip_Frequency.c:3680:15:Clock_Ip_Get_STM1_CLK_Frequency	8	static
C:/Users/zhang_liu/workspaceS32DS.3.5/S32K358_TEMPLATE_S32DS/S32K358_TEMPLATE_S32DS_M7_0_0/MCAL/Mcu_TS_T40D34M30I0R0/src/Clock_Ip_Frequency.c:3688:15:Clock_Ip_Get_STMC_CLK_Frequency	8	static
C:/Users/zhang_liu/workspaceS32DS.3.5/S32K358_TEMPLATE_S32DS/S32K358_TEMPLATE_S32DS_M7_0_0/MCAL/Mcu_TS_T40D34M30I0R0/src/Clock_Ip_Frequency.c:3697:15:Clock_Ip_Get_STM2_CLK_Frequency	8	static
C:/Users/zhang_liu/workspaceS32DS.3.5/S32K358_TEMPLATE_S32DS/S32K358_TEMPLATE_S32DS_M7_0_0/MCAL/Mcu_TS_T40D34M30I0R0/src/Clock_Ip_Frequency.c:3705:15:Clock_Ip_Get_USDHC_CLK_Frequency	8	static
C:/Users/zhang_liu/workspaceS32DS.3.5/S32K358_TEMPLATE_S32DS/S32K358_TEMPLATE_S32DS_M7_0_0/MCAL/Mcu_TS_T40D34M30I0R0/src/Clock_Ip_Frequency.c:3836:15:Clock_Ip_Get_SWT0_CLK_Frequency	0	static
C:/Users/zhang_liu/workspaceS32DS.3.5/S32K358_TEMPLATE_S32DS/S32K358_TEMPLATE_S32DS_M7_0_0/MCAL/Mcu_TS_T40D34M30I0R0/src/Clock_Ip_Frequency.c:3843:15:Clock_Ip_Get_SWT1_CLK_Frequency	0	static
C:/Users/zhang_liu/workspaceS32DS.3.5/S32K358_TEMPLATE_S32DS/S32K358_TEMPLATE_S32DS_M7_0_0/MCAL/Mcu_TS_T40D34M30I0R0/src/Clock_Ip_Frequency.c:3851:15:Clock_Ip_Get_SWT2_CLK_Frequency	0	static
C:/Users/zhang_liu/workspaceS32DS.3.5/S32K358_TEMPLATE_S32DS/S32K358_TEMPLATE_S32DS_M7_0_0/MCAL/Mcu_TS_T40D34M30I0R0/src/Clock_Ip_Frequency.c:3888:15:Clock_Ip_Get_TRACE_CLK_Frequency	8	static
C:/Users/zhang_liu/workspaceS32DS.3.5/S32K358_TEMPLATE_S32DS/S32K358_TEMPLATE_S32DS_M7_0_0/MCAL/Mcu_TS_T40D34M30I0R0/src/Clock_Ip_Frequency.c:4005:15:Clock_Ip_PLL_VCO	16	static
C:/Users/zhang_liu/workspaceS32DS.3.5/S32K358_TEMPLATE_S32DS/S32K358_TEMPLATE_S32DS_M7_0_0/MCAL/Mcu_TS_T40D34M30I0R0/src/Clock_Ip_Frequency.c:1825:15:Clock_Ip_Get_PLLAUX_CLK_Frequency	8	static
C:/Users/zhang_liu/workspaceS32DS.3.5/S32K358_TEMPLATE_S32DS/S32K358_TEMPLATE_S32DS_M7_0_0/MCAL/Mcu_TS_T40D34M30I0R0/src/Clock_Ip_Frequency.c:1850:15:Clock_Ip_Get_PLLAUX_POSTDIV_CLK_Frequency	8	static
C:/Users/zhang_liu/workspaceS32DS.3.5/S32K358_TEMPLATE_S32DS/S32K358_TEMPLATE_S32DS_M7_0_0/MCAL/Mcu_TS_T40D34M30I0R0/src/Clock_Ip_Frequency.c:1898:15:Clock_Ip_Get_PLLAUX_PHI2_Frequency	8	static
C:/Users/zhang_liu/workspaceS32DS.3.5/S32K358_TEMPLATE_S32DS/S32K358_TEMPLATE_S32DS_M7_0_0/MCAL/Mcu_TS_T40D34M30I0R0/src/Clock_Ip_Frequency.c:1889:15:Clock_Ip_Get_PLLAUX_PHI1_Frequency	8	static
C:/Users/zhang_liu/workspaceS32DS.3.5/S32K358_TEMPLATE_S32DS/S32K358_TEMPLATE_S32DS_M7_0_0/MCAL/Mcu_TS_T40D34M30I0R0/src/Clock_Ip_Frequency.c:1880:15:Clock_Ip_Get_PLLAUX_PHI0_Frequency	8	static
C:/Users/zhang_liu/workspaceS32DS.3.5/S32K358_TEMPLATE_S32DS/S32K358_TEMPLATE_S32DS_M7_0_0/MCAL/Mcu_TS_T40D34M30I0R0/src/Clock_Ip_Frequency.c:1812:15:Clock_Ip_Get_PLL_CLK_Frequency	8	static
C:/Users/zhang_liu/workspaceS32DS.3.5/S32K358_TEMPLATE_S32DS/S32K358_TEMPLATE_S32DS_M7_0_0/MCAL/Mcu_TS_T40D34M30I0R0/src/Clock_Ip_Frequency.c:1835:15:Clock_Ip_Get_PLL_POSTDIV_CLK_Frequency	8	static
C:/Users/zhang_liu/workspaceS32DS.3.5/S32K358_TEMPLATE_S32DS/S32K358_TEMPLATE_S32DS_M7_0_0/MCAL/Mcu_TS_T40D34M30I0R0/src/Clock_Ip_Frequency.c:1872:15:Clock_Ip_Get_PLL_PHI1_Frequency	8	static
C:/Users/zhang_liu/workspaceS32DS.3.5/S32K358_TEMPLATE_S32DS/S32K358_TEMPLATE_S32DS_M7_0_0/MCAL/Mcu_TS_T40D34M30I0R0/src/Clock_Ip_Frequency.c:1865:15:Clock_Ip_Get_PLL_PHI0_Frequency	8	static
C:/Users/zhang_liu/workspaceS32DS.3.5/S32K358_TEMPLATE_S32DS/S32K358_TEMPLATE_S32DS_M7_0_0/MCAL/Mcu_TS_T40D34M30I0R0/src/Clock_Ip_Frequency.c:1942:15:Clock_Ip_Get_SCS_CLK_Frequency	0	static
C:/Users/zhang_liu/workspaceS32DS.3.5/S32K358_TEMPLATE_S32DS/S32K358_TEMPLATE_S32DS_M7_0_0/MCAL/Mcu_TS_T40D34M30I0R0/src/Clock_Ip_Frequency.c:2002:15:Clock_Ip_Get_QSPI_MEM_CLK_Frequency	8	static
C:/Users/zhang_liu/workspaceS32DS.3.5/S32K358_TEMPLATE_S32DS/S32K358_TEMPLATE_S32DS_M7_0_0/MCAL/Mcu_TS_T40D34M30I0R0/src/Clock_Ip_Frequency.c:3469:15:Clock_Ip_Get_QSPI0_RAM_CLK_Frequency	8	static
C:/Users/zhang_liu/workspaceS32DS.3.5/S32K358_TEMPLATE_S32DS/S32K358_TEMPLATE_S32DS_M7_0_0/MCAL/Mcu_TS_T40D34M30I0R0/src/Clock_Ip_Frequency.c:3477:15:Clock_Ip_Get_QSPI0_TX_MEM_CLK_Frequency	0	static
C:/Users/zhang_liu/workspaceS32DS.3.5/S32K358_TEMPLATE_S32DS/S32K358_TEMPLATE_S32DS_M7_0_0/MCAL/Mcu_TS_T40D34M30I0R0/src/Clock_Ip_Frequency.c:1993:15:Clock_Ip_Get_LBIST_CLK_Frequency	8	static
C:/Users/zhang_liu/workspaceS32DS.3.5/S32K358_TEMPLATE_S32DS/S32K358_TEMPLATE_S32DS_M7_0_0/MCAL/Mcu_TS_T40D34M30I0R0/src/Clock_Ip_Frequency.c:1985:15:Clock_Ip_Get_DCM_CLK_Frequency	8	static
C:/Users/zhang_liu/workspaceS32DS.3.5/S32K358_TEMPLATE_S32DS/S32K358_TEMPLATE_S32DS_M7_0_0/MCAL/Mcu_TS_T40D34M30I0R0/src/Clock_Ip_Frequency.c:1978:15:Clock_Ip_Get_HSE_CLK_Frequency	8	static
C:/Users/zhang_liu/workspaceS32DS.3.5/S32K358_TEMPLATE_S32DS/S32K358_TEMPLATE_S32DS_M7_0_0/MCAL/Mcu_TS_T40D34M30I0R0/src/Clock_Ip_Frequency.c:1971:15:Clock_Ip_Get_AIPS_SLOW_CLK_Frequency	8	static
C:/Users/zhang_liu/workspaceS32DS.3.5/S32K358_TEMPLATE_S32DS/S32K358_TEMPLATE_S32DS_M7_0_0/MCAL/Mcu_TS_T40D34M30I0R0/src/Clock_Ip_Frequency.c:3917:15:Clock_Ip_Get_WKPU0_CLK_Frequency	8	static
C:/Users/zhang_liu/workspaceS32DS.3.5/S32K358_TEMPLATE_S32DS/S32K358_TEMPLATE_S32DS_M7_0_0/MCAL/Mcu_TS_T40D34M30I0R0/src/Clock_Ip_Frequency.c:3910:15:Clock_Ip_Get_TSENSE0_CLK_Frequency	8	static
C:/Users/zhang_liu/workspaceS32DS.3.5/S32K358_TEMPLATE_S32DS/S32K358_TEMPLATE_S32DS_M7_0_0/MCAL/Mcu_TS_T40D34M30I0R0/src/Clock_Ip_Frequency.c:3895:15:Clock_Ip_Get_TRGMUX0_CLK_Frequency	8	static
C:/Users/zhang_liu/workspaceS32DS.3.5/S32K358_TEMPLATE_S32DS/S32K358_TEMPLATE_S32DS_M7_0_0/MCAL/Mcu_TS_T40D34M30I0R0/src/Clock_Ip_Frequency.c:3651:15:Clock_Ip_Get_STCU0_CLK_Frequency	8	static
C:/Users/zhang_liu/workspaceS32DS.3.5/S32K358_TEMPLATE_S32DS/S32K358_TEMPLATE_S32DS_M7_0_0/MCAL/Mcu_TS_T40D34M30I0R0/src/Clock_Ip_Frequency.c:3597:15:Clock_Ip_Get_SIUL2_CLK_Frequency	8	static
C:/Users/zhang_liu/workspaceS32DS.3.5/S32K358_TEMPLATE_S32DS/S32K358_TEMPLATE_S32DS_M7_0_0/MCAL/Mcu_TS_T40D34M30I0R0/src/Clock_Ip_Frequency.c:3534:15:Clock_Ip_Get_SAI1_CLK_Frequency	8	static
C:/Users/zhang_liu/workspaceS32DS.3.5/S32K358_TEMPLATE_S32DS/S32K358_TEMPLATE_S32DS_M7_0_0/MCAL/Mcu_TS_T40D34M30I0R0/src/Clock_Ip_Frequency.c:3526:15:Clock_Ip_Get_SAI0_CLK_Frequency	8	static
C:/Users/zhang_liu/workspaceS32DS.3.5/S32K358_TEMPLATE_S32DS/S32K358_TEMPLATE_S32DS_M7_0_0/MCAL/Mcu_TS_T40D34M30I0R0/src/Clock_Ip_Frequency.c:3420:15:Clock_Ip_Get_PIT2_CLK_Frequency	8	static
C:/Users/zhang_liu/workspaceS32DS.3.5/S32K358_TEMPLATE_S32DS/S32K358_TEMPLATE_S32DS_M7_0_0/MCAL/Mcu_TS_T40D34M30I0R0/src/Clock_Ip_Frequency.c:3413:15:Clock_Ip_Get_PIT1_CLK_Frequency	8	static
C:/Users/zhang_liu/workspaceS32DS.3.5/S32K358_TEMPLATE_S32DS/S32K358_TEMPLATE_S32DS_M7_0_0/MCAL/Mcu_TS_T40D34M30I0R0/src/Clock_Ip_Frequency.c:3407:15:Clock_Ip_Get_PIT0_CLK_Frequency	8	static
C:/Users/zhang_liu/workspaceS32DS.3.5/S32K358_TEMPLATE_S32DS/S32K358_TEMPLATE_S32DS_M7_0_0/MCAL/Mcu_TS_T40D34M30I0R0/src/Clock_Ip_Frequency.c:3368:15:Clock_Ip_Get_MU2B_CLK_Frequency	8	static
C:/Users/zhang_liu/workspaceS32DS.3.5/S32K358_TEMPLATE_S32DS/S32K358_TEMPLATE_S32DS_M7_0_0/MCAL/Mcu_TS_T40D34M30I0R0/src/Clock_Ip_Frequency.c:3360:15:Clock_Ip_Get_MU2A_CLK_Frequency	8	static
C:/Users/zhang_liu/workspaceS32DS.3.5/S32K358_TEMPLATE_S32DS/S32K358_TEMPLATE_S32DS_M7_0_0/MCAL/Mcu_TS_T40D34M30I0R0/src/Clock_Ip_Frequency.c:3338:15:Clock_Ip_Get_LPUART15_CLK_Frequency	8	static
C:/Users/zhang_liu/workspaceS32DS.3.5/S32K358_TEMPLATE_S32DS/S32K358_TEMPLATE_S32DS_M7_0_0/MCAL/Mcu_TS_T40D34M30I0R0/src/Clock_Ip_Frequency.c:3330:15:Clock_Ip_Get_LPUART14_CLK_Frequency	8	static
C:/Users/zhang_liu/workspaceS32DS.3.5/S32K358_TEMPLATE_S32DS/S32K358_TEMPLATE_S32DS_M7_0_0/MCAL/Mcu_TS_T40D34M30I0R0/src/Clock_Ip_Frequency.c:3322:15:Clock_Ip_Get_LPUART13_CLK_Frequency	8	static
C:/Users/zhang_liu/workspaceS32DS.3.5/S32K358_TEMPLATE_S32DS/S32K358_TEMPLATE_S32DS_M7_0_0/MCAL/Mcu_TS_T40D34M30I0R0/src/Clock_Ip_Frequency.c:3314:15:Clock_Ip_Get_LPUART12_CLK_Frequency	8	static
C:/Users/zhang_liu/workspaceS32DS.3.5/S32K358_TEMPLATE_S32DS/S32K358_TEMPLATE_S32DS_M7_0_0/MCAL/Mcu_TS_T40D34M30I0R0/src/Clock_Ip_Frequency.c:3306:15:Clock_Ip_Get_LPUART11_CLK_Frequency	8	static
C:/Users/zhang_liu/workspaceS32DS.3.5/S32K358_TEMPLATE_S32DS/S32K358_TEMPLATE_S32DS_M7_0_0/MCAL/Mcu_TS_T40D34M30I0R0/src/Clock_Ip_Frequency.c:3298:15:Clock_Ip_Get_LPUART10_CLK_Frequency	8	static
C:/Users/zhang_liu/workspaceS32DS.3.5/S32K358_TEMPLATE_S32DS/S32K358_TEMPLATE_S32DS_M7_0_0/MCAL/Mcu_TS_T40D34M30I0R0/src/Clock_Ip_Frequency.c:3290:15:Clock_Ip_Get_LPUART9_CLK_Frequency	8	static
C:/Users/zhang_liu/workspaceS32DS.3.5/S32K358_TEMPLATE_S32DS/S32K358_TEMPLATE_S32DS_M7_0_0/MCAL/Mcu_TS_T40D34M30I0R0/src/Clock_Ip_Frequency.c:3274:15:Clock_Ip_Get_LPUART7_CLK_Frequency	8	static
C:/Users/zhang_liu/workspaceS32DS.3.5/S32K358_TEMPLATE_S32DS/S32K358_TEMPLATE_S32DS_M7_0_0/MCAL/Mcu_TS_T40D34M30I0R0/src/Clock_Ip_Frequency.c:3266:15:Clock_Ip_Get_LPUART6_CLK_Frequency	8	static
C:/Users/zhang_liu/workspaceS32DS.3.5/S32K358_TEMPLATE_S32DS/S32K358_TEMPLATE_S32DS_M7_0_0/MCAL/Mcu_TS_T40D34M30I0R0/src/Clock_Ip_Frequency.c:3258:15:Clock_Ip_Get_LPUART5_CLK_Frequency	8	static
C:/Users/zhang_liu/workspaceS32DS.3.5/S32K358_TEMPLATE_S32DS/S32K358_TEMPLATE_S32DS_M7_0_0/MCAL/Mcu_TS_T40D34M30I0R0/src/Clock_Ip_Frequency.c:3250:15:Clock_Ip_Get_LPUART4_CLK_Frequency	8	static
C:/Users/zhang_liu/workspaceS32DS.3.5/S32K358_TEMPLATE_S32DS/S32K358_TEMPLATE_S32DS_M7_0_0/MCAL/Mcu_TS_T40D34M30I0R0/src/Clock_Ip_Frequency.c:3243:15:Clock_Ip_Get_LPUART3_CLK_Frequency	8	static
C:/Users/zhang_liu/workspaceS32DS.3.5/S32K358_TEMPLATE_S32DS/S32K358_TEMPLATE_S32DS_M7_0_0/MCAL/Mcu_TS_T40D34M30I0R0/src/Clock_Ip_Frequency.c:3237:15:Clock_Ip_Get_LPUART2_CLK_Frequency	8	static
C:/Users/zhang_liu/workspaceS32DS.3.5/S32K358_TEMPLATE_S32DS/S32K358_TEMPLATE_S32DS_M7_0_0/MCAL/Mcu_TS_T40D34M30I0R0/src/Clock_Ip_Frequency.c:3227:15:Clock_Ip_Get_LPUART1_CLK_Frequency	8	static
C:/Users/zhang_liu/workspaceS32DS.3.5/S32K358_TEMPLATE_S32DS/S32K358_TEMPLATE_S32DS_M7_0_0/MCAL/Mcu_TS_T40D34M30I0R0/src/Clock_Ip_Frequency.c:3214:15:Clock_Ip_Get_LPSPI5_CLK_Frequency	8	static
C:/Users/zhang_liu/workspaceS32DS.3.5/S32K358_TEMPLATE_S32DS/S32K358_TEMPLATE_S32DS_M7_0_0/MCAL/Mcu_TS_T40D34M30I0R0/src/Clock_Ip_Frequency.c:3206:15:Clock_Ip_Get_LPSPI4_CLK_Frequency	8	static
C:/Users/zhang_liu/workspaceS32DS.3.5/S32K358_TEMPLATE_S32DS/S32K358_TEMPLATE_S32DS_M7_0_0/MCAL/Mcu_TS_T40D34M30I0R0/src/Clock_Ip_Frequency.c:3199:15:Clock_Ip_Get_LPSPI3_CLK_Frequency	8	static
C:/Users/zhang_liu/workspaceS32DS.3.5/S32K358_TEMPLATE_S32DS/S32K358_TEMPLATE_S32DS_M7_0_0/MCAL/Mcu_TS_T40D34M30I0R0/src/Clock_Ip_Frequency.c:3193:15:Clock_Ip_Get_LPSPI2_CLK_Frequency	8	static
C:/Users/zhang_liu/workspaceS32DS.3.5/S32K358_TEMPLATE_S32DS/S32K358_TEMPLATE_S32DS_M7_0_0/MCAL/Mcu_TS_T40D34M30I0R0/src/Clock_Ip_Frequency.c:3187:15:Clock_Ip_Get_LPSPI1_CLK_Frequency	8	static
C:/Users/zhang_liu/workspaceS32DS.3.5/S32K358_TEMPLATE_S32DS/S32K358_TEMPLATE_S32DS_M7_0_0/MCAL/Mcu_TS_T40D34M30I0R0/src/Clock_Ip_Frequency.c:3175:15:Clock_Ip_Get_LPI2C1_CLK_Frequency	8	static
C:/Users/zhang_liu/workspaceS32DS.3.5/S32K358_TEMPLATE_S32DS/S32K358_TEMPLATE_S32DS_M7_0_0/MCAL/Mcu_TS_T40D34M30I0R0/src/Clock_Ip_Frequency.c:3168:15:Clock_Ip_Get_LPI2C0_CLK_Frequency	8	static
C:/Users/zhang_liu/workspaceS32DS.3.5/S32K358_TEMPLATE_S32DS/S32K358_TEMPLATE_S32DS_M7_0_0/MCAL/Mcu_TS_T40D34M30I0R0/src/Clock_Ip_Frequency.c:2941:15:Clock_Ip_Get_ERM1_CLK_Frequency	8	static
C:/Users/zhang_liu/workspaceS32DS.3.5/S32K358_TEMPLATE_S32DS/S32K358_TEMPLATE_S32DS_M7_0_0/MCAL/Mcu_TS_T40D34M30I0R0/src/Clock_Ip_Frequency.c:2934:15:Clock_Ip_Get_ERM0_CLK_Frequency	8	static
C:/Users/zhang_liu/workspaceS32DS.3.5/S32K358_TEMPLATE_S32DS/S32K358_TEMPLATE_S32DS_M7_0_0/MCAL/Mcu_TS_T40D34M30I0R0/src/Clock_Ip_Frequency.c:2179:15:Clock_Ip_Get_CMP2_CLK_Frequency	8	static
C:/Users/zhang_liu/workspaceS32DS.3.5/S32K358_TEMPLATE_S32DS/S32K358_TEMPLATE_S32DS_M7_0_0/MCAL/Mcu_TS_T40D34M30I0R0/src/Clock_Ip_Frequency.c:2171:15:Clock_Ip_Get_CMP1_CLK_Frequency	8	static
C:/Users/zhang_liu/workspaceS32DS.3.5/S32K358_TEMPLATE_S32DS/S32K358_TEMPLATE_S32DS_M7_0_0/MCAL/Mcu_TS_T40D34M30I0R0/src/Clock_Ip_Frequency.c:2164:15:Clock_Ip_Get_CMP0_CLK_Frequency	8	static
C:/Users/zhang_liu/workspaceS32DS.3.5/S32K358_TEMPLATE_S32DS/S32K358_TEMPLATE_S32DS_M7_0_0/MCAL/Mcu_TS_T40D34M30I0R0/src/Clock_Ip_Frequency.c:1964:15:Clock_Ip_Get_AIPS_PLAT_CLK_Frequency	8	static
C:/Users/zhang_liu/workspaceS32DS.3.5/S32K358_TEMPLATE_S32DS/S32K358_TEMPLATE_S32DS_M7_0_0/MCAL/Mcu_TS_T40D34M30I0R0/src/Clock_Ip_Frequency.c:3582:15:Clock_Ip_Get_SEMA42_CLK_Frequency	8	static
C:/Users/zhang_liu/workspaceS32DS.3.5/S32K358_TEMPLATE_S32DS/S32K358_TEMPLATE_S32DS_M7_0_0/MCAL/Mcu_TS_T40D34M30I0R0/src/Clock_Ip_Frequency.c:3353:15:Clock_Ip_Get_MSCM_CLK_Frequency	8	static
C:/Users/zhang_liu/workspaceS32DS.3.5/S32K358_TEMPLATE_S32DS/S32K358_TEMPLATE_S32DS_M7_0_0/MCAL/Mcu_TS_T40D34M30I0R0/src/Clock_Ip_Frequency.c:3282:15:Clock_Ip_Get_LPUART8_CLK_Frequency	8	static
C:/Users/zhang_liu/workspaceS32DS.3.5/S32K358_TEMPLATE_S32DS/S32K358_TEMPLATE_S32DS_M7_0_0/MCAL/Mcu_TS_T40D34M30I0R0/src/Clock_Ip_Frequency.c:3221:15:Clock_Ip_Get_LPUART0_CLK_Frequency	8	static
C:/Users/zhang_liu/workspaceS32DS.3.5/S32K358_TEMPLATE_S32DS/S32K358_TEMPLATE_S32DS_M7_0_0/MCAL/Mcu_TS_T40D34M30I0R0/src/Clock_Ip_Frequency.c:3181:15:Clock_Ip_Get_LPSPI0_CLK_Frequency	8	static
C:/Users/zhang_liu/workspaceS32DS.3.5/S32K358_TEMPLATE_S32DS/S32K358_TEMPLATE_S32DS_M7_0_0/MCAL/Mcu_TS_T40D34M30I0R0/src/Clock_Ip_Frequency.c:3140:15:Clock_Ip_Get_INTM_CLK_Frequency	8	static
C:/Users/zhang_liu/workspaceS32DS.3.5/S32K358_TEMPLATE_S32DS/S32K358_TEMPLATE_S32DS_M7_0_0/MCAL/Mcu_TS_T40D34M30I0R0/src/Clock_Ip_Frequency.c:2837:15:Clock_Ip_Get_GMAC0_CLK_Frequency	8	static
C:/Users/zhang_liu/workspaceS32DS.3.5/S32K358_TEMPLATE_S32DS/S32K358_TEMPLATE_S32DS_M7_0_0/MCAL/Mcu_TS_T40D34M30I0R0/src/Clock_Ip_Frequency.c:3102:15:Clock_Ip_Get_FLEXIO0_CLK_Frequency	8	static
C:/Users/zhang_liu/workspaceS32DS.3.5/S32K358_TEMPLATE_S32DS/S32K358_TEMPLATE_S32DS_M7_0_0/MCAL/Mcu_TS_T40D34M30I0R0/src/Clock_Ip_Frequency.c:2821:15:Clock_Ip_Get_EIM2_CLK_Frequency	8	static
C:/Users/zhang_liu/workspaceS32DS.3.5/S32K358_TEMPLATE_S32DS/S32K358_TEMPLATE_S32DS_M7_0_0/MCAL/Mcu_TS_T40D34M30I0R0/src/Clock_Ip_Frequency.c:2813:15:Clock_Ip_Get_EIM1_CLK_Frequency	8	static
C:/Users/zhang_liu/workspaceS32DS.3.5/S32K358_TEMPLATE_S32DS/S32K358_TEMPLATE_S32DS_M7_0_0/MCAL/Mcu_TS_T40D34M30I0R0/src/Clock_Ip_Frequency.c:2805:15:Clock_Ip_Get_EIM0_CLK_Frequency	8	static
C:/Users/zhang_liu/workspaceS32DS.3.5/S32K358_TEMPLATE_S32DS/S32K358_TEMPLATE_S32DS_M7_0_0/MCAL/Mcu_TS_T40D34M30I0R0/src/Clock_Ip_Frequency.c:2232:15:Clock_Ip_Get_CRC0_CLK_Frequency	8	static
C:/Users/zhang_liu/workspaceS32DS.3.5/S32K358_TEMPLATE_S32DS/S32K358_TEMPLATE_S32DS_M7_0_0/MCAL/Mcu_TS_T40D34M30I0R0/src/Clock_Ip_Frequency.c:1957:15:Clock_Ip_Get_CORE_CLK_Frequency	8	static
C:/Users/zhang_liu/workspaceS32DS.3.5/S32K358_TEMPLATE_S32DS/S32K358_TEMPLATE_S32DS_M7_0_0/MCAL/Mcu_TS_T40D34M30I0R0/src/Clock_Ip_Frequency.c:3882:15:Clock_Ip_Get_TEMPSENSE_CLK_Frequency	8	static
C:/Users/zhang_liu/workspaceS32DS.3.5/S32K358_TEMPLATE_S32DS/S32K358_TEMPLATE_S32DS_M7_0_0/MCAL/Mcu_TS_T40D34M30I0R0/src/Clock_Ip_Frequency.c:3542:15:Clock_Ip_Get_SDA_AP_CLK_Frequency	8	static
C:/Users/zhang_liu/workspaceS32DS.3.5/S32K358_TEMPLATE_S32DS/S32K358_TEMPLATE_S32DS_M7_0_0/MCAL/Mcu_TS_T40D34M30I0R0/src/Clock_Ip_Frequency.c:3152:15:Clock_Ip_Get_LCU1_CLK_Frequency	8	static
C:/Users/zhang_liu/workspaceS32DS.3.5/S32K358_TEMPLATE_S32DS/S32K358_TEMPLATE_S32DS_M7_0_0/MCAL/Mcu_TS_T40D34M30I0R0/src/Clock_Ip_Frequency.c:3146:15:Clock_Ip_Get_LCU0_CLK_Frequency	8	static
C:/Users/zhang_liu/workspaceS32DS.3.5/S32K358_TEMPLATE_S32DS/S32K358_TEMPLATE_S32DS_M7_0_0/MCAL/Mcu_TS_T40D34M30I0R0/src/Clock_Ip_Frequency.c:2927:15:Clock_Ip_Get_EMIOS2_CLK_Frequency	8	static
C:/Users/zhang_liu/workspaceS32DS.3.5/S32K358_TEMPLATE_S32DS/S32K358_TEMPLATE_S32DS_M7_0_0/MCAL/Mcu_TS_T40D34M30I0R0/src/Clock_Ip_Frequency.c:2919:15:Clock_Ip_Get_EMIOS1_CLK_Frequency	8	static
C:/Users/zhang_liu/workspaceS32DS.3.5/S32K358_TEMPLATE_S32DS/S32K358_TEMPLATE_S32DS_M7_0_0/MCAL/Mcu_TS_T40D34M30I0R0/src/Clock_Ip_Frequency.c:2912:15:Clock_Ip_Get_EMIOS0_CLK_Frequency	8	static
C:/Users/zhang_liu/workspaceS32DS.3.5/S32K358_TEMPLATE_S32DS/S32K358_TEMPLATE_S32DS_M7_0_0/MCAL/Mcu_TS_T40D34M30I0R0/src/Clock_Ip_Frequency.c:2509:15:Clock_Ip_Get_EDMA0_TCD31_CLK_Frequency	8	static
C:/Users/zhang_liu/workspaceS32DS.3.5/S32K358_TEMPLATE_S32DS/S32K358_TEMPLATE_S32DS_M7_0_0/MCAL/Mcu_TS_T40D34M30I0R0/src/Clock_Ip_Frequency.c:2501:15:Clock_Ip_Get_EDMA0_TCD30_CLK_Frequency	8	static
C:/Users/zhang_liu/workspaceS32DS.3.5/S32K358_TEMPLATE_S32DS/S32K358_TEMPLATE_S32DS_M7_0_0/MCAL/Mcu_TS_T40D34M30I0R0/src/Clock_Ip_Frequency.c:2493:15:Clock_Ip_Get_EDMA0_TCD29_CLK_Frequency	8	static
C:/Users/zhang_liu/workspaceS32DS.3.5/S32K358_TEMPLATE_S32DS/S32K358_TEMPLATE_S32DS_M7_0_0/MCAL/Mcu_TS_T40D34M30I0R0/src/Clock_Ip_Frequency.c:2485:15:Clock_Ip_Get_EDMA0_TCD28_CLK_Frequency	8	static
C:/Users/zhang_liu/workspaceS32DS.3.5/S32K358_TEMPLATE_S32DS/S32K358_TEMPLATE_S32DS_M7_0_0/MCAL/Mcu_TS_T40D34M30I0R0/src/Clock_Ip_Frequency.c:2477:15:Clock_Ip_Get_EDMA0_TCD27_CLK_Frequency	8	static
C:/Users/zhang_liu/workspaceS32DS.3.5/S32K358_TEMPLATE_S32DS/S32K358_TEMPLATE_S32DS_M7_0_0/MCAL/Mcu_TS_T40D34M30I0R0/src/Clock_Ip_Frequency.c:2469:15:Clock_Ip_Get_EDMA0_TCD26_CLK_Frequency	8	static
C:/Users/zhang_liu/workspaceS32DS.3.5/S32K358_TEMPLATE_S32DS/S32K358_TEMPLATE_S32DS_M7_0_0/MCAL/Mcu_TS_T40D34M30I0R0/src/Clock_Ip_Frequency.c:2461:15:Clock_Ip_Get_EDMA0_TCD25_CLK_Frequency	8	static
C:/Users/zhang_liu/workspaceS32DS.3.5/S32K358_TEMPLATE_S32DS/S32K358_TEMPLATE_S32DS_M7_0_0/MCAL/Mcu_TS_T40D34M30I0R0/src/Clock_Ip_Frequency.c:2453:15:Clock_Ip_Get_EDMA0_TCD24_CLK_Frequency	8	static
C:/Users/zhang_liu/workspaceS32DS.3.5/S32K358_TEMPLATE_S32DS/S32K358_TEMPLATE_S32DS_M7_0_0/MCAL/Mcu_TS_T40D34M30I0R0/src/Clock_Ip_Frequency.c:2445:15:Clock_Ip_Get_EDMA0_TCD23_CLK_Frequency	8	static
C:/Users/zhang_liu/workspaceS32DS.3.5/S32K358_TEMPLATE_S32DS/S32K358_TEMPLATE_S32DS_M7_0_0/MCAL/Mcu_TS_T40D34M30I0R0/src/Clock_Ip_Frequency.c:2437:15:Clock_Ip_Get_EDMA0_TCD22_CLK_Frequency	8	static
C:/Users/zhang_liu/workspaceS32DS.3.5/S32K358_TEMPLATE_S32DS/S32K358_TEMPLATE_S32DS_M7_0_0/MCAL/Mcu_TS_T40D34M30I0R0/src/Clock_Ip_Frequency.c:2429:15:Clock_Ip_Get_EDMA0_TCD21_CLK_Frequency	8	static
C:/Users/zhang_liu/workspaceS32DS.3.5/S32K358_TEMPLATE_S32DS/S32K358_TEMPLATE_S32DS_M7_0_0/MCAL/Mcu_TS_T40D34M30I0R0/src/Clock_Ip_Frequency.c:2421:15:Clock_Ip_Get_EDMA0_TCD20_CLK_Frequency	8	static
C:/Users/zhang_liu/workspaceS32DS.3.5/S32K358_TEMPLATE_S32DS/S32K358_TEMPLATE_S32DS_M7_0_0/MCAL/Mcu_TS_T40D34M30I0R0/src/Clock_Ip_Frequency.c:2413:15:Clock_Ip_Get_EDMA0_TCD19_CLK_Frequency	8	static
C:/Users/zhang_liu/workspaceS32DS.3.5/S32K358_TEMPLATE_S32DS/S32K358_TEMPLATE_S32DS_M7_0_0/MCAL/Mcu_TS_T40D34M30I0R0/src/Clock_Ip_Frequency.c:2405:15:Clock_Ip_Get_EDMA0_TCD18_CLK_Frequency	8	static
C:/Users/zhang_liu/workspaceS32DS.3.5/S32K358_TEMPLATE_S32DS/S32K358_TEMPLATE_S32DS_M7_0_0/MCAL/Mcu_TS_T40D34M30I0R0/src/Clock_Ip_Frequency.c:2397:15:Clock_Ip_Get_EDMA0_TCD17_CLK_Frequency	8	static
C:/Users/zhang_liu/workspaceS32DS.3.5/S32K358_TEMPLATE_S32DS/S32K358_TEMPLATE_S32DS_M7_0_0/MCAL/Mcu_TS_T40D34M30I0R0/src/Clock_Ip_Frequency.c:2389:15:Clock_Ip_Get_EDMA0_TCD16_CLK_Frequency	8	static
C:/Users/zhang_liu/workspaceS32DS.3.5/S32K358_TEMPLATE_S32DS/S32K358_TEMPLATE_S32DS_M7_0_0/MCAL/Mcu_TS_T40D34M30I0R0/src/Clock_Ip_Frequency.c:2381:15:Clock_Ip_Get_EDMA0_TCD15_CLK_Frequency	8	static
C:/Users/zhang_liu/workspaceS32DS.3.5/S32K358_TEMPLATE_S32DS/S32K358_TEMPLATE_S32DS_M7_0_0/MCAL/Mcu_TS_T40D34M30I0R0/src/Clock_Ip_Frequency.c:2373:15:Clock_Ip_Get_EDMA0_TCD14_CLK_Frequency	8	static
C:/Users/zhang_liu/workspaceS32DS.3.5/S32K358_TEMPLATE_S32DS/S32K358_TEMPLATE_S32DS_M7_0_0/MCAL/Mcu_TS_T40D34M30I0R0/src/Clock_Ip_Frequency.c:2365:15:Clock_Ip_Get_EDMA0_TCD13_CLK_Frequency	8	static
C:/Users/zhang_liu/workspaceS32DS.3.5/S32K358_TEMPLATE_S32DS/S32K358_TEMPLATE_S32DS_M7_0_0/MCAL/Mcu_TS_T40D34M30I0R0/src/Clock_Ip_Frequency.c:2357:15:Clock_Ip_Get_EDMA0_TCD12_CLK_Frequency	8	static
C:/Users/zhang_liu/workspaceS32DS.3.5/S32K358_TEMPLATE_S32DS/S32K358_TEMPLATE_S32DS_M7_0_0/MCAL/Mcu_TS_T40D34M30I0R0/src/Clock_Ip_Frequency.c:2350:15:Clock_Ip_Get_EDMA0_TCD11_CLK_Frequency	8	static
C:/Users/zhang_liu/workspaceS32DS.3.5/S32K358_TEMPLATE_S32DS/S32K358_TEMPLATE_S32DS_M7_0_0/MCAL/Mcu_TS_T40D34M30I0R0/src/Clock_Ip_Frequency.c:2344:15:Clock_Ip_Get_EDMA0_TCD10_CLK_Frequency	8	static
C:/Users/zhang_liu/workspaceS32DS.3.5/S32K358_TEMPLATE_S32DS/S32K358_TEMPLATE_S32DS_M7_0_0/MCAL/Mcu_TS_T40D34M30I0R0/src/Clock_Ip_Frequency.c:2338:15:Clock_Ip_Get_EDMA0_TCD9_CLK_Frequency	8	static
C:/Users/zhang_liu/workspaceS32DS.3.5/S32K358_TEMPLATE_S32DS/S32K358_TEMPLATE_S32DS_M7_0_0/MCAL/Mcu_TS_T40D34M30I0R0/src/Clock_Ip_Frequency.c:2332:15:Clock_Ip_Get_EDMA0_TCD8_CLK_Frequency	8	static
C:/Users/zhang_liu/workspaceS32DS.3.5/S32K358_TEMPLATE_S32DS/S32K358_TEMPLATE_S32DS_M7_0_0/MCAL/Mcu_TS_T40D34M30I0R0/src/Clock_Ip_Frequency.c:2326:15:Clock_Ip_Get_EDMA0_TCD7_CLK_Frequency	8	static
C:/Users/zhang_liu/workspaceS32DS.3.5/S32K358_TEMPLATE_S32DS/S32K358_TEMPLATE_S32DS_M7_0_0/MCAL/Mcu_TS_T40D34M30I0R0/src/Clock_Ip_Frequency.c:2320:15:Clock_Ip_Get_EDMA0_TCD6_CLK_Frequency	8	static
C:/Users/zhang_liu/workspaceS32DS.3.5/S32K358_TEMPLATE_S32DS/S32K358_TEMPLATE_S32DS_M7_0_0/MCAL/Mcu_TS_T40D34M30I0R0/src/Clock_Ip_Frequency.c:2314:15:Clock_Ip_Get_EDMA0_TCD5_CLK_Frequency	8	static
C:/Users/zhang_liu/workspaceS32DS.3.5/S32K358_TEMPLATE_S32DS/S32K358_TEMPLATE_S32DS_M7_0_0/MCAL/Mcu_TS_T40D34M30I0R0/src/Clock_Ip_Frequency.c:2308:15:Clock_Ip_Get_EDMA0_TCD4_CLK_Frequency	8	static
C:/Users/zhang_liu/workspaceS32DS.3.5/S32K358_TEMPLATE_S32DS/S32K358_TEMPLATE_S32DS_M7_0_0/MCAL/Mcu_TS_T40D34M30I0R0/src/Clock_Ip_Frequency.c:2302:15:Clock_Ip_Get_EDMA0_TCD3_CLK_Frequency	8	static
C:/Users/zhang_liu/workspaceS32DS.3.5/S32K358_TEMPLATE_S32DS/S32K358_TEMPLATE_S32DS_M7_0_0/MCAL/Mcu_TS_T40D34M30I0R0/src/Clock_Ip_Frequency.c:2296:15:Clock_Ip_Get_EDMA0_TCD2_CLK_Frequency	8	static
C:/Users/zhang_liu/workspaceS32DS.3.5/S32K358_TEMPLATE_S32DS/S32K358_TEMPLATE_S32DS_M7_0_0/MCAL/Mcu_TS_T40D34M30I0R0/src/Clock_Ip_Frequency.c:2290:15:Clock_Ip_Get_EDMA0_TCD1_CLK_Frequency	8	static
C:/Users/zhang_liu/workspaceS32DS.3.5/S32K358_TEMPLATE_S32DS/S32K358_TEMPLATE_S32DS_M7_0_0/MCAL/Mcu_TS_T40D34M30I0R0/src/Clock_Ip_Frequency.c:2284:15:Clock_Ip_Get_EDMA0_TCD0_CLK_Frequency	8	static
C:/Users/zhang_liu/workspaceS32DS.3.5/S32K358_TEMPLATE_S32DS/S32K358_TEMPLATE_S32DS_M7_0_0/MCAL/Mcu_TS_T40D34M30I0R0/src/Clock_Ip_Frequency.c:2278:15:Clock_Ip_Get_EDMA0_CLK_Frequency	8	static
C:/Users/zhang_liu/workspaceS32DS.3.5/S32K358_TEMPLATE_S32DS/S32K358_TEMPLATE_S32DS_M7_0_0/MCAL/Mcu_TS_T40D34M30I0R0/src/Clock_Ip_Frequency.c:2244:15:Clock_Ip_Get_DMAMUX1_CLK_Frequency	8	static
C:/Users/zhang_liu/workspaceS32DS.3.5/S32K358_TEMPLATE_S32DS/S32K358_TEMPLATE_S32DS_M7_0_0/MCAL/Mcu_TS_T40D34M30I0R0/src/Clock_Ip_Frequency.c:2238:15:Clock_Ip_Get_DMAMUX0_CLK_Frequency	8	static
C:/Users/zhang_liu/workspaceS32DS.3.5/S32K358_TEMPLATE_S32DS/S32K358_TEMPLATE_S32DS_M7_0_0/MCAL/Mcu_TS_T40D34M30I0R0/src/Clock_Ip_Frequency.c:2143:15:Clock_Ip_Get_BCTU0_CLK_Frequency	8	static
C:/Users/zhang_liu/workspaceS32DS.3.5/S32K358_TEMPLATE_S32DS/S32K358_TEMPLATE_S32DS_M7_0_0/MCAL/Mcu_TS_T40D34M30I0R0/src/Clock_Ip_Frequency.c:2047:15:Clock_Ip_Get_ADC2_CLK_Frequency	8	static
C:/Users/zhang_liu/workspaceS32DS.3.5/S32K358_TEMPLATE_S32DS/S32K358_TEMPLATE_S32DS_M7_0_0/MCAL/Mcu_TS_T40D34M30I0R0/src/Clock_Ip_Frequency.c:2036:15:Clock_Ip_Get_ADC1_CLK_Frequency	8	static
C:/Users/zhang_liu/workspaceS32DS.3.5/S32K358_TEMPLATE_S32DS/S32K358_TEMPLATE_S32DS_M7_0_0/MCAL/Mcu_TS_T40D34M30I0R0/src/Clock_Ip_Frequency.c:2026:15:Clock_Ip_Get_ADC0_CLK_Frequency	8	static
C:/Users/zhang_liu/workspaceS32DS.3.5/S32K358_TEMPLATE_S32DS/S32K358_TEMPLATE_S32DS_M7_0_0/MCAL/Mcu_TS_T40D34M30I0R0/src/Clock_Ip_Frequency.c:3512:8:Clock_Ip_Get_RTC_CLK_Frequency_TrustedCall	0	static
C:/Users/zhang_liu/workspaceS32DS.3.5/S32K358_TEMPLATE_S32DS/S32K358_TEMPLATE_S32DS_M7_0_0/MCAL/Mcu_TS_T40D34M30I0R0/src/Clock_Ip_Frequency.c:3499:15:Clock_Ip_Get_RTC_CLK_Frequency	0	static
C:/Users/zhang_liu/workspaceS32DS.3.5/S32K358_TEMPLATE_S32DS/S32K358_TEMPLATE_S32DS_M7_0_0/MCAL/Mcu_TS_T40D34M30I0R0/src/Clock_Ip_Frequency.c:3519:15:Clock_Ip_Get_RTC0_CLK_Frequency	8	static
C:/Users/zhang_liu/workspaceS32DS.3.5/S32K358_TEMPLATE_S32DS/S32K358_TEMPLATE_S32DS_M7_0_0/MCAL/Mcu_TS_T40D34M30I0R0/src/Clock_Ip_Frequency.c:4095:6:Clock_Ip_SetExternalOscillatorFrequency	0	static
C:/Users/zhang_liu/workspaceS32DS.3.5/S32K358_TEMPLATE_S32DS/S32K358_TEMPLATE_S32DS_M7_0_0/MCAL/Mcu_TS_T40D34M30I0R0/src/Clock_Ip_Frequency.c:4114:8:Clock_Ip_GetFreq	0	static
C:/Users/zhang_liu/workspaceS32DS.3.5/S32K358_TEMPLATE_S32DS/S32K358_TEMPLATE_S32DS_M7_0_0/MCAL/Mcu_TS_T40D34M30I0R0/src/Clock_Ip_Frequency.c:4130:6:Clock_Ip_SetExternalSignalFrequency	8	static
