C:/Users/zhang_liu/workspaceS32DS.3.5/S32K358_TEMPLATE_S32DS/S32K358_TEMPLATE_S32DS_M7_0_0/MCAL/Mcu_TS_T40D34M30I0R0/src/Clock_Ip_Pll.c:154:13:Clock_Ip_CallbackPllEmpty	0	static
C:/Users/zhang_liu/workspaceS32DS.3.5/S32K358_TEMPLATE_S32DS/S32K358_TEMPLATE_S32DS_M7_0_0/MCAL/Mcu_TS_T40D34M30I0R0/src/Clock_Ip_Pll.c:159:37:Clock_Ip_CallbackPllEmptyComplete	0	static
C:/Users/zhang_liu/workspaceS32DS.3.5/S32K358_TEMPLATE_S32DS/S32K358_TEMPLATE_S32DS_M7_0_0/MCAL/Mcu_TS_T40D34M30I0R0/src/Clock_Ip_Pll.c:165:13:Clock_Ip_CallbackPllEmptyDisable	0	static
C:/Users/zhang_liu/workspaceS32DS.3.5/S32K358_TEMPLATE_S32DS/S32K358_TEMPLATE_S32DS_M7_0_0/MCAL/Mcu_TS_T40D34M30I0R0/src/Clock_Ip_Pll.c:178:13:Clock_Ip_ResetPllRdivMfiMfnOdiv2SdmenSsscgbypSpreadctlStepnoStepsize	8	static
C:/Users/zhang_liu/workspaceS32DS.3.5/S32K358_TEMPLATE_S32DS/S32K358_TEMPLATE_S32DS_M7_0_0/MCAL/Mcu_TS_T40D34M30I0R0/src/Clock_Ip_Pll.c:201:13:Clock_Ip_SetPllRdivMfiMfnOdiv2SdmenSsscgbypSpreadctlStepnoStepsize	8	static
C:/Users/zhang_liu/workspaceS32DS.3.5/S32K358_TEMPLATE_S32DS/S32K358_TEMPLATE_S32DS_M7_0_0/MCAL/Mcu_TS_T40D34M30I0R0/src/Clock_Ip_Pll.c:283:13:Clock_Ip_EnablePllRdivMfiMfnOdiv2SdmenSsscgbypSpreadctlStepnoStepsize	0	static
C:/Users/zhang_liu/workspaceS32DS.3.5/S32K358_TEMPLATE_S32DS/S32K358_TEMPLATE_S32DS_M7_0_0/MCAL/Mcu_TS_T40D34M30I0R0/src/Clock_Ip_Pll.c:315:13:Clock_Ip_ResetPllRdivMfiMfnOdiv2Sdmen	0	static
C:/Users/zhang_liu/workspaceS32DS.3.5/S32K358_TEMPLATE_S32DS/S32K358_TEMPLATE_S32DS_M7_0_0/MCAL/Mcu_TS_T40D34M30I0R0/src/Clock_Ip_Pll.c:340:13:Clock_Ip_SetPllRdivMfiMfnOdiv2Sdmen	0	static
C:/Users/zhang_liu/workspaceS32DS.3.5/S32K358_TEMPLATE_S32DS/S32K358_TEMPLATE_S32DS_M7_0_0/MCAL/Mcu_TS_T40D34M30I0R0/src/Clock_Ip_Pll.c:402:13:Clock_Ip_EnablePllRdivMfiMfnOdiv2Sdmen	0	static
C:/Users/zhang_liu/workspaceS32DS.3.5/S32K358_TEMPLATE_S32DS/S32K358_TEMPLATE_S32DS_M7_0_0/MCAL/Mcu_TS_T40D34M30I0R0/src/Clock_Ip_Pll.c:247:37:Clock_Ip_CompletePllRdivMfiMfnOdiv2SdmenSsscgbypSpreadctlStepnoStepsize	32	static
C:/Users/zhang_liu/workspaceS32DS.3.5/S32K358_TEMPLATE_S32DS/S32K358_TEMPLATE_S32DS_M7_0_0/MCAL/Mcu_TS_T40D34M30I0R0/src/Clock_Ip_Pll.c:367:37:Clock_Ip_CompletePllRdivMfiMfnOdiv2Sdmen	0	static
