C:/Users/zhang_liu/workspaceS32DS.3.5/S32K358_TEMPLATE_S32DS/S32K358_TEMPLATE_S32DS_M7_0_0/MCAL/Mcu_TS_T40D34M30I0R0/src/Clock_Ip_Selector.c:156:13:Clock_Ip_CallbackSelectorEmpty	0	static
C:/Users/zhang_liu/workspaceS32DS.3.5/S32K358_TEMPLATE_S32DS/S32K358_TEMPLATE_S32DS_M7_0_0/MCAL/Mcu_TS_T40D34M30I0R0/src/Clock_Ip_Selector.c:164:13:Clock_Ip_ResetCgmXCscCssClkswSwip	8	static
C:/Users/zhang_liu/workspaceS32DS.3.5/S32K358_TEMPLATE_S32DS/S32K358_TEMPLATE_S32DS_M7_0_0/MCAL/Mcu_TS_T40D34M30I0R0/src/Clock_Ip_Selector.c:295:13:Clock_Ip_ResetCgmXCscCssClkswRampupRampdownSwip	0	static
C:/Users/zhang_liu/workspaceS32DS.3.5/S32K358_TEMPLATE_S32DS/S32K358_TEMPLATE_S32DS_M7_0_0/MCAL/Mcu_TS_T40D34M30I0R0/src/Clock_Ip_Selector.c:321:13:Clock_Ip_SetCgmXCscCssClkswRampupRampdownSwip	40	static
C:/Users/zhang_liu/workspaceS32DS.3.5/S32K358_TEMPLATE_S32DS/S32K358_TEMPLATE_S32DS_M7_0_0/MCAL/Mcu_TS_T40D34M30I0R0/src/Clock_Ip_Selector.c:189:13:Clock_Ip_SetCgmXCscCssClkswSwip	40	static
C:/Users/zhang_liu/workspaceS32DS.3.5/S32K358_TEMPLATE_S32DS/S32K358_TEMPLATE_S32DS_M7_0_0/MCAL/Mcu_TS_T40D34M30I0R0/src/Clock_Ip_Selector.c:493:13:Clock_Ip_SetCgmXCscCssCsGrip	40	static
C:/Users/zhang_liu/workspaceS32DS.3.5/S32K358_TEMPLATE_S32DS/S32K358_TEMPLATE_S32DS_M7_0_0/MCAL/Mcu_TS_T40D34M30I0R0/src/Clock_Ip_Selector.c:429:13:Clock_Ip_ResetCgmXCscCssCsGrip	40	static
C:/Users/zhang_liu/workspaceS32DS.3.5/S32K358_TEMPLATE_S32DS/S32K358_TEMPLATE_S32DS_M7_0_0/MCAL/Mcu_TS_T40D34M30I0R0/src/Clock_Ip_Selector.c:594:6:Clock_Ip_SetRtcRtccClksel_TrustedCall	0	static
C:/Users/zhang_liu/workspaceS32DS.3.5/S32K358_TEMPLATE_S32DS/S32K358_TEMPLATE_S32DS_M7_0_0/MCAL/Mcu_TS_T40D34M30I0R0/src/Clock_Ip_Selector.c:574:13:Clock_Ip_SetRtcRtccClksel	0	static
