C:/Users/zhang_liu/workspaceS32DS.3.5/S32K358_TEMPLATE_S32DS/S32K358_TEMPLATE_S32DS_M7_0_0/MCAL/Mcu_TS_T40D34M30I0R0/src/Mcu.c:685:6:Mcu_Init	12	static
C:/Users/zhang_liu/workspaceS32DS.3.5/S32K358_TEMPLATE_S32DS/S32K358_TEMPLATE_S32DS_M7_0_0/MCAL/Mcu_TS_T40D34M30I0R0/src/Mcu.c:789:16:Mcu_InitRamSection	0	static
C:/Users/zhang_liu/workspaceS32DS.3.5/S32K358_TEMPLATE_S32DS/S32K358_TEMPLATE_S32DS_M7_0_0/MCAL/Mcu_TS_T40D34M30I0R0/src/Mcu.c:847:16:Mcu_InitClock	8	static
C:/Users/zhang_liu/workspaceS32DS.3.5/S32K358_TEMPLATE_S32DS/S32K358_TEMPLATE_S32DS_M7_0_0/MCAL/Mcu_TS_T40D34M30I0R0/src/Mcu.c:900:6:Mcu_SetMode	8	static
C:/Users/zhang_liu/workspaceS32DS.3.5/S32K358_TEMPLATE_S32DS/S32K358_TEMPLATE_S32DS_M7_0_0/MCAL/Mcu_TS_T40D34M30I0R0/src/Mcu.c:951:16:Mcu_DistributePllClock	8	static
C:/Users/zhang_liu/workspaceS32DS.3.5/S32K358_TEMPLATE_S32DS/S32K358_TEMPLATE_S32DS_M7_0_0/MCAL/Mcu_TS_T40D34M30I0R0/src/Mcu.c:1011:19:Mcu_GetPllStatus	0	static
C:/Users/zhang_liu/workspaceS32DS.3.5/S32K358_TEMPLATE_S32DS/S32K358_TEMPLATE_S32DS_M7_0_0/MCAL/Mcu_TS_T40D34M30I0R0/src/Mcu.c:1051:15:Mcu_GetResetReason	0	static
C:/Users/zhang_liu/workspaceS32DS.3.5/S32K358_TEMPLATE_S32DS/S32K358_TEMPLATE_S32DS_M7_0_0/MCAL/Mcu_TS_T40D34M30I0R0/src/Mcu.c:1088:18:Mcu_GetResetRawValue	0	static
C:/Users/zhang_liu/workspaceS32DS.3.5/S32K358_TEMPLATE_S32DS/S32K358_TEMPLATE_S32DS_M7_0_0/MCAL/Mcu_TS_T40D34M30I0R0/src/Mcu.c:1328:6:Mcu_DisableCmu	0	static
C:/Users/zhang_liu/workspaceS32DS.3.5/S32K358_TEMPLATE_S32DS/S32K358_TEMPLATE_S32DS_M7_0_0/MCAL/Mcu_TS_T40D34M30I0R0/src/Mcu.c:1366:8:Mcu_GetClockFrequency	0	static
C:/Users/zhang_liu/workspaceS32DS.3.5/S32K358_TEMPLATE_S32DS/S32K358_TEMPLATE_S32DS_M7_0_0/MCAL/Mcu_TS_T40D34M30I0R0/src/Mcu.c:1404:6:Mcu_SleepOnExit	0	static
C:/Users/zhang_liu/workspaceS32DS.3.5/S32K358_TEMPLATE_S32DS/S32K358_TEMPLATE_S32DS_M7_0_0/MCAL/Mcu_TS_T40D34M30I0R0/src/Mcu.c:1435:6:Mcu_ClkSrcFailureNotification	0	static
