C:/Users/zhang_liu/workspaceS32DS.3.5/S32K358_TEMPLATE_S32DS/S32K358_TEMPLATE_S32DS_M7_0_0/MCAL/Mcu_TS_T40D34M30I0R0/src/Power_Ip_MC_ME.c:234:20:Power_Ip_MC_ME_WriteControlKeys	0	static
C:/Users/zhang_liu/workspaceS32DS.3.5/S32K358_TEMPLATE_S32DS/S32K358_TEMPLATE_S32DS_M7_0_0/MCAL/Mcu_TS_T40D34M30I0R0/src/Power_Ip_MC_ME.c:345:13:Power_Ip_MC_ME_ConfigurePartitionClock	32	static
C:/Users/zhang_liu/workspaceS32DS.3.5/S32K358_TEMPLATE_S32DS/S32K358_TEMPLATE_S32DS_M7_0_0/MCAL/Mcu_TS_T40D34M30I0R0/src/Power_Ip_MC_ME.c:553:6:Power_Ip_MC_ME_ConfigCoreCOFBClock	64	static
C:/Users/zhang_liu/workspaceS32DS.3.5/S32K358_TEMPLATE_S32DS/S32K358_TEMPLATE_S32DS_M7_0_0/MCAL/Mcu_TS_T40D34M30I0R0/src/Power_Ip_MC_ME.c:602:6:Power_Ip_MC_ME_EnablePartitionClock	16	static
C:/Users/zhang_liu/workspaceS32DS.3.5/S32K358_TEMPLATE_S32DS/S32K358_TEMPLATE_S32DS_M7_0_0/MCAL/Mcu_TS_T40D34M30I0R0/src/Power_Ip_MC_ME.c:643:6:Power_Ip_MC_ME_DisablePartitionClock	16	static
C:/Users/zhang_liu/workspaceS32DS.3.5/S32K358_TEMPLATE_S32DS/S32K358_TEMPLATE_S32DS_M7_0_0/MCAL/Mcu_TS_T40D34M30I0R0/src/Power_Ip_MC_ME.c:674:6:Power_Ip_MC_ME_SocTriggerResetEvent	0	static
C:/Users/zhang_liu/workspaceS32DS.3.5/S32K358_TEMPLATE_S32DS/S32K358_TEMPLATE_S32DS_M7_0_0/MCAL/Mcu_TS_T40D34M30I0R0/src/Power_Ip_MC_ME.c:706:6:Power_Ip_MC_ME_CoreStandbyEntry	8	static
C:/Users/zhang_liu/workspaceS32DS.3.5/S32K358_TEMPLATE_S32DS/S32K358_TEMPLATE_S32DS_M7_0_0/MCAL/Mcu_TS_T40D34M30I0R0/src/Power_Ip_MC_ME.c:745:6:Power_Ip_MC_ME_SocStandbyEntry	8	static
C:/Users/zhang_liu/workspaceS32DS.3.5/S32K358_TEMPLATE_S32DS/S32K358_TEMPLATE_S32DS_M7_0_0/MCAL/Mcu_TS_T40D34M30I0R0/src/Power_Ip_MC_ME.c:791:24:Power_Ip_MC_ME_GetPreviousMode	0	static
