C:/Users/zhang_liu/workspaceS32DS.3.5/S32K358_TEMPLATE_S32DS/S32K358_TEMPLATE_S32DS_M7_0_0/MCAL/BaseNXP_TS_T40D34M30I0R0/include/Devassert.h:84:20:DevAssert	8	static
C:/Users/zhang_liu/workspaceS32DS.3.5/S32K358_TEMPLATE_S32DS/S32K358_TEMPLATE_S32DS_M7_0_0/MCAL/Wdg_TS_T40D34M30I0R0/src/Swt_Ip.c:250:13:Swt_Ip_Lock	0	static
C:/Users/zhang_liu/workspaceS32DS.3.5/S32K358_TEMPLATE_S32DS/S32K358_TEMPLATE_S32DS_M7_0_0/MCAL/Wdg_TS_T40D34M30I0R0/src/Swt_Ip.c:319:13:Swt_Ip_RegisterConfig	12	static
C:/Users/zhang_liu/workspaceS32DS.3.5/S32K358_TEMPLATE_S32DS/S32K358_TEMPLATE_S32DS_M7_0_0/MCAL/Wdg_TS_T40D34M30I0R0/src/Swt_Ip.c:271:26:Swt_Ip_Unlock	24	static
C:/Users/zhang_liu/workspaceS32DS.3.5/S32K358_TEMPLATE_S32DS/S32K358_TEMPLATE_S32DS_M7_0_0/MCAL/Wdg_TS_T40D34M30I0R0/src/Swt_Ip.c:441:19:Swt_Ip_Init	16	static
C:/Users/zhang_liu/workspaceS32DS.3.5/S32K358_TEMPLATE_S32DS/S32K358_TEMPLATE_S32DS_M7_0_0/MCAL/Wdg_TS_T40D34M30I0R0/src/Swt_Ip.c:499:23:Swt_Ip_Deinit	16	static
C:/Users/zhang_liu/workspaceS32DS.3.5/S32K358_TEMPLATE_S32DS/S32K358_TEMPLATE_S32DS_M7_0_0/MCAL/Wdg_TS_T40D34M30I0R0/src/Swt_Ip.c:554:6:Swt_Ip_Service	16	static
C:/Users/zhang_liu/workspaceS32DS.3.5/S32K358_TEMPLATE_S32DS/S32K358_TEMPLATE_S32DS_M7_0_0/MCAL/Wdg_TS_T40D34M30I0R0/src/Swt_Ip.c:611:19:Swt_Ip_Config	16	static
C:/Users/zhang_liu/workspaceS32DS.3.5/S32K358_TEMPLATE_S32DS/S32K358_TEMPLATE_S32DS_M7_0_0/MCAL/Wdg_TS_T40D34M30I0R0/src/Swt_Ip.c:660:19:Swt_Ip_SetTimeout	24	static
C:/Users/zhang_liu/workspaceS32DS.3.5/S32K358_TEMPLATE_S32DS/S32K358_TEMPLATE_S32DS_M7_0_0/MCAL/Wdg_TS_T40D34M30I0R0/src/Swt_Ip.c:716:19:Swt_Ip_StartTimer	16	static
C:/Users/zhang_liu/workspaceS32DS.3.5/S32K358_TEMPLATE_S32DS/S32K358_TEMPLATE_S32DS_M7_0_0/MCAL/Wdg_TS_T40D34M30I0R0/src/Swt_Ip.c:748:19:Swt_Ip_StopTimer	16	static
C:/Users/zhang_liu/workspaceS32DS.3.5/S32K358_TEMPLATE_S32DS/S32K358_TEMPLATE_S32DS_M7_0_0/MCAL/Wdg_TS_T40D34M30I0R0/src/Swt_Ip.c:786:23:Swt_Ip_ClearResetRequest	32	static
C:/Users/zhang_liu/workspaceS32DS.3.5/S32K358_TEMPLATE_S32DS/S32K358_TEMPLATE_S32DS_M7_0_0/MCAL/Wdg_TS_T40D34M30I0R0/src/Swt_Ip.c:836:6:Swt_Ip_IrqHandler	8	static
