C:/Users/zhang_liu/workspaceS32DS.3.5/S32K358_TEMPLATE_S32DS/S32K358_TEMPLATE_S32DS_M7_0_0/MCAL/Wdg_TS_T40D34M30I0R0/src/Wdg_Ipw.c:122:16:Wdg_Ipw_Init	8	static
C:/Users/zhang_liu/workspaceS32DS.3.5/S32K358_TEMPLATE_S32DS/S32K358_TEMPLATE_S32DS_M7_0_0/MCAL/Wdg_TS_T40D34M30I0R0/src/Wdg_Ipw.c:158:16:Wdg_Ipw_SetMode	8	static
C:/Users/zhang_liu/workspaceS32DS.3.5/S32K358_TEMPLATE_S32DS/S32K358_TEMPLATE_S32DS_M7_0_0/MCAL/Wdg_TS_T40D34M30I0R0/src/Wdg_Ipw.c:192:16:Wdg_Ipw_StartTimer	8	static
C:/Users/zhang_liu/workspaceS32DS.3.5/S32K358_TEMPLATE_S32DS/S32K358_TEMPLATE_S32DS_M7_0_0/MCAL/Wdg_TS_T40D34M30I0R0/src/Wdg_Ipw.c:225:20:Wdg_Ipw_StopTimer	8	static
C:/Users/zhang_liu/workspaceS32DS.3.5/S32K358_TEMPLATE_S32DS/S32K358_TEMPLATE_S32DS_M7_0_0/MCAL/Wdg_TS_T40D34M30I0R0/src/Wdg_Ipw.c:238:20:Wdg_Ipw_Deinit	8	static
C:/Users/zhang_liu/workspaceS32DS.3.5/S32K358_TEMPLATE_S32DS/S32K358_TEMPLATE_S32DS_M7_0_0/MCAL/Wdg_TS_T40D34M30I0R0/src/Wdg_Ipw.c:252:6:Wdg_Ipw_Service	0	static
C:/Users/zhang_liu/workspaceS32DS.3.5/S32K358_TEMPLATE_S32DS/S32K358_TEMPLATE_S32DS_M7_0_0/MCAL/Wdg_TS_T40D34M30I0R0/src/Wdg_Ipw.c:277:24:Wdg_Ipw_ClearResetRequest	8	static
