C:/Users/zhang_liu/workspaceS32DS.3.5/S32K358_TEMPLATE_S32DS/S32K358_TEMPLATE_S32DS_M7_0_0/MCAL/Dem_TS_T40D34M30I0R0/src/Dem_stub.c:105:9:Dem_TestLastReportErrorStatus	40	static
C:/Users/zhang_liu/workspaceS32DS.3.5/S32K358_TEMPLATE_S32DS/S32K358_TEMPLATE_S32DS_M7_0_0/MCAL/Dem_TS_T40D34M30I0R0/src/Dem_stub.c:146:9:Dem_TestNoError	16	static
C:/Users/zhang_liu/workspaceS32DS.3.5/S32K358_TEMPLATE_S32DS/S32K358_TEMPLATE_S32DS_M7_0_0/MCAL/Dem_TS_T40D34M30I0R0/src/Dem_stub.c:172:9:Dem_TestLastReportErrorStatusPreExtData	48	static
C:/Users/zhang_liu/workspaceS32DS.3.5/S32K358_TEMPLATE_S32DS/S32K358_TEMPLATE_S32DS_M7_0_0/MCAL/Dem_TS_T40D34M30I0R0/src/Dem_stub.c:230:6:Dem_ClearEvents	8	static
C:/Users/zhang_liu/workspaceS32DS.3.5/S32K358_TEMPLATE_S32DS/S32K358_TEMPLATE_S32DS_M7_0_0/MCAL/Dem_TS_T40D34M30I0R0/src/Dem_stub.c:246:9:Dem_GetEvent	16	static
C:/Users/zhang_liu/workspaceS32DS.3.5/S32K358_TEMPLATE_S32DS/S32K358_TEMPLATE_S32DS_M7_0_0/MCAL/Dem_TS_T40D34M30I0R0/src/Dem_stub.c:273:8:Dem_GetEventCount	8	static
C:/Users/zhang_liu/workspaceS32DS.3.5/S32K358_TEMPLATE_S32DS/S32K358_TEMPLATE_S32DS_M7_0_0/MCAL/Dem_TS_T40D34M30I0R0/src/Dem_stub.c:294:9:Dem_BufferOverflow	8	static
