C:/Users/zhang_liu/workspaceS32DS.3.5/S32K358_TEMPLATE_S32DS/S32K358_TEMPLATE_S32DS_M7_0_0/MCAL/Rte_TS_T40D34M30I0R0/src/SchM_Lin_43_LPUART_FLEXIO.c:333:8:Lin_schm_read_msr	0	static
C:/Users/zhang_liu/workspaceS32DS.3.5/S32K358_TEMPLATE_S32DS/S32K358_TEMPLATE_S32DS_M7_0_0/MCAL/Rte_TS_T40D34M30I0R0/src/SchM_Lin_43_LPUART_FLEXIO.c:417:6:SchM_Enter_Lin_43_LPUART_FLEXIO_LIN_EXCLUSIVE_AREA_08	8	static
C:/Users/zhang_liu/workspaceS32DS.3.5/S32K358_TEMPLATE_S32DS/S32K358_TEMPLATE_S32DS_M7_0_0/MCAL/Rte_TS_T40D34M30I0R0/src/SchM_Lin_43_LPUART_FLEXIO.c:441:6:SchM_Exit_Lin_43_LPUART_FLEXIO_LIN_EXCLUSIVE_AREA_08	8	static
C:/Users/zhang_liu/workspaceS32DS.3.5/S32K358_TEMPLATE_S32DS/S32K358_TEMPLATE_S32DS_M7_0_0/MCAL/Rte_TS_T40D34M30I0R0/src/SchM_Lin_43_LPUART_FLEXIO.c:455:6:SchM_Enter_Lin_43_LPUART_FLEXIO_LIN_EXCLUSIVE_AREA_09	8	static
C:/Users/zhang_liu/workspaceS32DS.3.5/S32K358_TEMPLATE_S32DS/S32K358_TEMPLATE_S32DS_M7_0_0/MCAL/Rte_TS_T40D34M30I0R0/src/SchM_Lin_43_LPUART_FLEXIO.c:479:6:SchM_Exit_Lin_43_LPUART_FLEXIO_LIN_EXCLUSIVE_AREA_09	8	static
C:/Users/zhang_liu/workspaceS32DS.3.5/S32K358_TEMPLATE_S32DS/S32K358_TEMPLATE_S32DS_M7_0_0/MCAL/Rte_TS_T40D34M30I0R0/src/SchM_Lin_43_LPUART_FLEXIO.c:493:6:SchM_Enter_Lin_43_LPUART_FLEXIO_LIN_EXCLUSIVE_AREA_10	8	static
C:/Users/zhang_liu/workspaceS32DS.3.5/S32K358_TEMPLATE_S32DS/S32K358_TEMPLATE_S32DS_M7_0_0/MCAL/Rte_TS_T40D34M30I0R0/src/SchM_Lin_43_LPUART_FLEXIO.c:517:6:SchM_Exit_Lin_43_LPUART_FLEXIO_LIN_EXCLUSIVE_AREA_10	8	static
C:/Users/zhang_liu/workspaceS32DS.3.5/S32K358_TEMPLATE_S32DS/S32K358_TEMPLATE_S32DS_M7_0_0/MCAL/Rte_TS_T40D34M30I0R0/src/SchM_Lin_43_LPUART_FLEXIO.c:531:6:SchM_Enter_Lin_43_LPUART_FLEXIO_LIN_EXCLUSIVE_AREA_11	8	static
C:/Users/zhang_liu/workspaceS32DS.3.5/S32K358_TEMPLATE_S32DS/S32K358_TEMPLATE_S32DS_M7_0_0/MCAL/Rte_TS_T40D34M30I0R0/src/SchM_Lin_43_LPUART_FLEXIO.c:555:6:SchM_Exit_Lin_43_LPUART_FLEXIO_LIN_EXCLUSIVE_AREA_11	8	static
C:/Users/zhang_liu/workspaceS32DS.3.5/S32K358_TEMPLATE_S32DS/S32K358_TEMPLATE_S32DS_M7_0_0/MCAL/Rte_TS_T40D34M30I0R0/src/SchM_Lin_43_LPUART_FLEXIO.c:569:6:SchM_Enter_Lin_43_LPUART_FLEXIO_LIN_EXCLUSIVE_AREA_13	8	static
C:/Users/zhang_liu/workspaceS32DS.3.5/S32K358_TEMPLATE_S32DS/S32K358_TEMPLATE_S32DS_M7_0_0/MCAL/Rte_TS_T40D34M30I0R0/src/SchM_Lin_43_LPUART_FLEXIO.c:593:6:SchM_Exit_Lin_43_LPUART_FLEXIO_LIN_EXCLUSIVE_AREA_13	8	static
C:/Users/zhang_liu/workspaceS32DS.3.5/S32K358_TEMPLATE_S32DS/S32K358_TEMPLATE_S32DS_M7_0_0/MCAL/Rte_TS_T40D34M30I0R0/src/SchM_Lin_43_LPUART_FLEXIO.c:607:6:SchM_Enter_Lin_43_LPUART_FLEXIO_LIN_EXCLUSIVE_AREA_15	8	static
C:/Users/zhang_liu/workspaceS32DS.3.5/S32K358_TEMPLATE_S32DS/S32K358_TEMPLATE_S32DS_M7_0_0/MCAL/Rte_TS_T40D34M30I0R0/src/SchM_Lin_43_LPUART_FLEXIO.c:631:6:SchM_Exit_Lin_43_LPUART_FLEXIO_LIN_EXCLUSIVE_AREA_15	8	static
C:/Users/zhang_liu/workspaceS32DS.3.5/S32K358_TEMPLATE_S32DS/S32K358_TEMPLATE_S32DS_M7_0_0/MCAL/Rte_TS_T40D34M30I0R0/src/SchM_Lin_43_LPUART_FLEXIO.c:645:6:SchM_Enter_Lin_43_LPUART_FLEXIO_LIN_EXCLUSIVE_AREA_16	8	static
C:/Users/zhang_liu/workspaceS32DS.3.5/S32K358_TEMPLATE_S32DS/S32K358_TEMPLATE_S32DS_M7_0_0/MCAL/Rte_TS_T40D34M30I0R0/src/SchM_Lin_43_LPUART_FLEXIO.c:669:6:SchM_Exit_Lin_43_LPUART_FLEXIO_LIN_EXCLUSIVE_AREA_16	8	static
C:/Users/zhang_liu/workspaceS32DS.3.5/S32K358_TEMPLATE_S32DS/S32K358_TEMPLATE_S32DS_M7_0_0/MCAL/Rte_TS_T40D34M30I0R0/src/SchM_Lin_43_LPUART_FLEXIO.c:683:6:SchM_Enter_Lin_43_LPUART_FLEXIO_LIN_EXCLUSIVE_AREA_17	8	static
C:/Users/zhang_liu/workspaceS32DS.3.5/S32K358_TEMPLATE_S32DS/S32K358_TEMPLATE_S32DS_M7_0_0/MCAL/Rte_TS_T40D34M30I0R0/src/SchM_Lin_43_LPUART_FLEXIO.c:707:6:SchM_Exit_Lin_43_LPUART_FLEXIO_LIN_EXCLUSIVE_AREA_17	8	static
C:/Users/zhang_liu/workspaceS32DS.3.5/S32K358_TEMPLATE_S32DS/S32K358_TEMPLATE_S32DS_M7_0_0/MCAL/Rte_TS_T40D34M30I0R0/src/SchM_Lin_43_LPUART_FLEXIO.c:721:6:SchM_Enter_Lin_43_LPUART_FLEXIO_LIN_EXCLUSIVE_AREA_18	8	static
C:/Users/zhang_liu/workspaceS32DS.3.5/S32K358_TEMPLATE_S32DS/S32K358_TEMPLATE_S32DS_M7_0_0/MCAL/Rte_TS_T40D34M30I0R0/src/SchM_Lin_43_LPUART_FLEXIO.c:745:6:SchM_Exit_Lin_43_LPUART_FLEXIO_LIN_EXCLUSIVE_AREA_18	8	static
C:/Users/zhang_liu/workspaceS32DS.3.5/S32K358_TEMPLATE_S32DS/S32K358_TEMPLATE_S32DS_M7_0_0/MCAL/Rte_TS_T40D34M30I0R0/src/SchM_Lin_43_LPUART_FLEXIO.c:759:6:SchM_Enter_Lin_43_LPUART_FLEXIO_LIN_EXCLUSIVE_AREA_19	8	static
C:/Users/zhang_liu/workspaceS32DS.3.5/S32K358_TEMPLATE_S32DS/S32K358_TEMPLATE_S32DS_M7_0_0/MCAL/Rte_TS_T40D34M30I0R0/src/SchM_Lin_43_LPUART_FLEXIO.c:783:6:SchM_Exit_Lin_43_LPUART_FLEXIO_LIN_EXCLUSIVE_AREA_19	8	static
C:/Users/zhang_liu/workspaceS32DS.3.5/S32K358_TEMPLATE_S32DS/S32K358_TEMPLATE_S32DS_M7_0_0/MCAL/Rte_TS_T40D34M30I0R0/src/SchM_Lin_43_LPUART_FLEXIO.c:797:6:SchM_Enter_Lin_43_LPUART_FLEXIO_LIN_EXCLUSIVE_AREA_20	8	static
C:/Users/zhang_liu/workspaceS32DS.3.5/S32K358_TEMPLATE_S32DS/S32K358_TEMPLATE_S32DS_M7_0_0/MCAL/Rte_TS_T40D34M30I0R0/src/SchM_Lin_43_LPUART_FLEXIO.c:821:6:SchM_Exit_Lin_43_LPUART_FLEXIO_LIN_EXCLUSIVE_AREA_20	8	static
C:/Users/zhang_liu/workspaceS32DS.3.5/S32K358_TEMPLATE_S32DS/S32K358_TEMPLATE_S32DS_M7_0_0/MCAL/Rte_TS_T40D34M30I0R0/src/SchM_Lin_43_LPUART_FLEXIO.c:835:6:SchM_Enter_Lin_43_LPUART_FLEXIO_LIN_EXCLUSIVE_AREA_21	8	static
C:/Users/zhang_liu/workspaceS32DS.3.5/S32K358_TEMPLATE_S32DS/S32K358_TEMPLATE_S32DS_M7_0_0/MCAL/Rte_TS_T40D34M30I0R0/src/SchM_Lin_43_LPUART_FLEXIO.c:859:6:SchM_Exit_Lin_43_LPUART_FLEXIO_LIN_EXCLUSIVE_AREA_21	8	static
C:/Users/zhang_liu/workspaceS32DS.3.5/S32K358_TEMPLATE_S32DS/S32K358_TEMPLATE_S32DS_M7_0_0/MCAL/Rte_TS_T40D34M30I0R0/src/SchM_Lin_43_LPUART_FLEXIO.c:873:6:SchM_Enter_Lin_43_LPUART_FLEXIO_LIN_EXCLUSIVE_AREA_22	8	static
C:/Users/zhang_liu/workspaceS32DS.3.5/S32K358_TEMPLATE_S32DS/S32K358_TEMPLATE_S32DS_M7_0_0/MCAL/Rte_TS_T40D34M30I0R0/src/SchM_Lin_43_LPUART_FLEXIO.c:897:6:SchM_Exit_Lin_43_LPUART_FLEXIO_LIN_EXCLUSIVE_AREA_22	8	static
C:/Users/zhang_liu/workspaceS32DS.3.5/S32K358_TEMPLATE_S32DS/S32K358_TEMPLATE_S32DS_M7_0_0/MCAL/Rte_TS_T40D34M30I0R0/src/SchM_Lin_43_LPUART_FLEXIO.c:911:6:SchM_Enter_Lin_43_LPUART_FLEXIO_LIN_EXCLUSIVE_AREA_23	8	static
C:/Users/zhang_liu/workspaceS32DS.3.5/S32K358_TEMPLATE_S32DS/S32K358_TEMPLATE_S32DS_M7_0_0/MCAL/Rte_TS_T40D34M30I0R0/src/SchM_Lin_43_LPUART_FLEXIO.c:935:6:SchM_Exit_Lin_43_LPUART_FLEXIO_LIN_EXCLUSIVE_AREA_23	8	static
C:/Users/zhang_liu/workspaceS32DS.3.5/S32K358_TEMPLATE_S32DS/S32K358_TEMPLATE_S32DS_M7_0_0/MCAL/Rte_TS_T40D34M30I0R0/src/SchM_Lin_43_LPUART_FLEXIO.c:949:6:SchM_Enter_Lin_43_LPUART_FLEXIO_LIN_EXCLUSIVE_AREA_24	8	static
C:/Users/zhang_liu/workspaceS32DS.3.5/S32K358_TEMPLATE_S32DS/S32K358_TEMPLATE_S32DS_M7_0_0/MCAL/Rte_TS_T40D34M30I0R0/src/SchM_Lin_43_LPUART_FLEXIO.c:973:6:SchM_Exit_Lin_43_LPUART_FLEXIO_LIN_EXCLUSIVE_AREA_24	8	static
C:/Users/zhang_liu/workspaceS32DS.3.5/S32K358_TEMPLATE_S32DS/S32K358_TEMPLATE_S32DS_M7_0_0/MCAL/Rte_TS_T40D34M30I0R0/src/SchM_Lin_43_LPUART_FLEXIO.c:987:6:SchM_Enter_Lin_43_LPUART_FLEXIO_LIN_EXCLUSIVE_AREA_25	8	static
C:/Users/zhang_liu/workspaceS32DS.3.5/S32K358_TEMPLATE_S32DS/S32K358_TEMPLATE_S32DS_M7_0_0/MCAL/Rte_TS_T40D34M30I0R0/src/SchM_Lin_43_LPUART_FLEXIO.c:1011:6:SchM_Exit_Lin_43_LPUART_FLEXIO_LIN_EXCLUSIVE_AREA_25	8	static
C:/Users/zhang_liu/workspaceS32DS.3.5/S32K358_TEMPLATE_S32DS/S32K358_TEMPLATE_S32DS_M7_0_0/MCAL/Rte_TS_T40D34M30I0R0/src/SchM_Lin_43_LPUART_FLEXIO.c:1025:6:SchM_Enter_Lin_43_LPUART_FLEXIO_LIN_EXCLUSIVE_AREA_26	8	static
C:/Users/zhang_liu/workspaceS32DS.3.5/S32K358_TEMPLATE_S32DS/S32K358_TEMPLATE_S32DS_M7_0_0/MCAL/Rte_TS_T40D34M30I0R0/src/SchM_Lin_43_LPUART_FLEXIO.c:1049:6:SchM_Exit_Lin_43_LPUART_FLEXIO_LIN_EXCLUSIVE_AREA_26	8	static
C:/Users/zhang_liu/workspaceS32DS.3.5/S32K358_TEMPLATE_S32DS/S32K358_TEMPLATE_S32DS_M7_0_0/MCAL/Rte_TS_T40D34M30I0R0/src/SchM_Lin_43_LPUART_FLEXIO.c:1063:6:SchM_Enter_Lin_43_LPUART_FLEXIO_LIN_EXCLUSIVE_AREA_27	8	static
C:/Users/zhang_liu/workspaceS32DS.3.5/S32K358_TEMPLATE_S32DS/S32K358_TEMPLATE_S32DS_M7_0_0/MCAL/Rte_TS_T40D34M30I0R0/src/SchM_Lin_43_LPUART_FLEXIO.c:1087:6:SchM_Exit_Lin_43_LPUART_FLEXIO_LIN_EXCLUSIVE_AREA_27	8	static
