C:/Users/zhang_liu/workspaceS32DS.3.5/S32K358_TEMPLATE_S32DS/S32K358_TEMPLATE_S32DS_M7_0_0/MCAL/Rte_TS_T40D34M30I0R0/src/SchM_Sbc_fs26.c:307:8:Sbc_fs26_schm_read_msr	0	static
C:/Users/zhang_liu/workspaceS32DS.3.5/S32K358_TEMPLATE_S32DS/S32K358_TEMPLATE_S32DS_M7_0_0/MCAL/Rte_TS_T40D34M30I0R0/src/SchM_Sbc_fs26.c:391:6:SchM_Enter_Sbc_fs26_SBC_FS26_EXCLUSIVE_AREA_01	8	static
C:/Users/zhang_liu/workspaceS32DS.3.5/S32K358_TEMPLATE_S32DS/S32K358_TEMPLATE_S32DS_M7_0_0/MCAL/Rte_TS_T40D34M30I0R0/src/SchM_Sbc_fs26.c:413:6:SchM_Exit_Sbc_fs26_SBC_FS26_EXCLUSIVE_AREA_01	8	static
C:/Users/zhang_liu/workspaceS32DS.3.5/S32K358_TEMPLATE_S32DS/S32K358_TEMPLATE_S32DS_M7_0_0/MCAL/Rte_TS_T40D34M30I0R0/src/SchM_Sbc_fs26.c:427:6:SchM_Enter_Sbc_fs26_SBC_FS26_EXCLUSIVE_AREA_02	8	static
C:/Users/zhang_liu/workspaceS32DS.3.5/S32K358_TEMPLATE_S32DS/S32K358_TEMPLATE_S32DS_M7_0_0/MCAL/Rte_TS_T40D34M30I0R0/src/SchM_Sbc_fs26.c:449:6:SchM_Exit_Sbc_fs26_SBC_FS26_EXCLUSIVE_AREA_02	8	static
C:/Users/zhang_liu/workspaceS32DS.3.5/S32K358_TEMPLATE_S32DS/S32K358_TEMPLATE_S32DS_M7_0_0/MCAL/Rte_TS_T40D34M30I0R0/src/SchM_Sbc_fs26.c:463:6:SchM_Enter_Sbc_fs26_SBC_FS26_EXCLUSIVE_AREA_03	8	static
C:/Users/zhang_liu/workspaceS32DS.3.5/S32K358_TEMPLATE_S32DS/S32K358_TEMPLATE_S32DS_M7_0_0/MCAL/Rte_TS_T40D34M30I0R0/src/SchM_Sbc_fs26.c:485:6:SchM_Exit_Sbc_fs26_SBC_FS26_EXCLUSIVE_AREA_03	8	static
C:/Users/zhang_liu/workspaceS32DS.3.5/S32K358_TEMPLATE_S32DS/S32K358_TEMPLATE_S32DS_M7_0_0/MCAL/Rte_TS_T40D34M30I0R0/src/SchM_Sbc_fs26.c:499:6:SchM_Enter_Sbc_fs26_SBC_FS26_EXCLUSIVE_AREA_04	8	static
C:/Users/zhang_liu/workspaceS32DS.3.5/S32K358_TEMPLATE_S32DS/S32K358_TEMPLATE_S32DS_M7_0_0/MCAL/Rte_TS_T40D34M30I0R0/src/SchM_Sbc_fs26.c:521:6:SchM_Exit_Sbc_fs26_SBC_FS26_EXCLUSIVE_AREA_04	8	static
C:/Users/zhang_liu/workspaceS32DS.3.5/S32K358_TEMPLATE_S32DS/S32K358_TEMPLATE_S32DS_M7_0_0/MCAL/Rte_TS_T40D34M30I0R0/src/SchM_Sbc_fs26.c:535:6:SchM_Enter_Sbc_fs26_SBC_FS26_EXCLUSIVE_AREA_05	8	static
C:/Users/zhang_liu/workspaceS32DS.3.5/S32K358_TEMPLATE_S32DS/S32K358_TEMPLATE_S32DS_M7_0_0/MCAL/Rte_TS_T40D34M30I0R0/src/SchM_Sbc_fs26.c:557:6:SchM_Exit_Sbc_fs26_SBC_FS26_EXCLUSIVE_AREA_05	8	static
