C:/Users/zhang_liu/workspaceS32DS.3.5/S32K358_TEMPLATE_S32DS/S32K358_TEMPLATE_S32DS_M7_0_0/MCAL/Rte_TS_T40D34M30I0R0/src/SchM_Mem_43_EXFLS.c:308:8:Mem_43_EXFLS_schm_read_msr	0	static
C:/Users/zhang_liu/workspaceS32DS.3.5/S32K358_TEMPLATE_S32DS/S32K358_TEMPLATE_S32DS_M7_0_0/MCAL/Rte_TS_T40D34M30I0R0/src/SchM_Mem_43_EXFLS.c:392:6:SchM_Enter_Mem_43_EXFLS_MEM_EXCLUSIVE_AREA_10	8	static
C:/Users/zhang_liu/workspaceS32DS.3.5/S32K358_TEMPLATE_S32DS/S32K358_TEMPLATE_S32DS_M7_0_0/MCAL/Rte_TS_T40D34M30I0R0/src/SchM_Mem_43_EXFLS.c:416:6:SchM_Exit_Mem_43_EXFLS_MEM_EXCLUSIVE_AREA_10	8	static
C:/Users/zhang_liu/workspaceS32DS.3.5/S32K358_TEMPLATE_S32DS/S32K358_TEMPLATE_S32DS_M7_0_0/MCAL/Rte_TS_T40D34M30I0R0/src/SchM_Mem_43_EXFLS.c:430:6:SchM_Enter_Mem_43_EXFLS_MEM_EXCLUSIVE_AREA_11	8	static
C:/Users/zhang_liu/workspaceS32DS.3.5/S32K358_TEMPLATE_S32DS/S32K358_TEMPLATE_S32DS_M7_0_0/MCAL/Rte_TS_T40D34M30I0R0/src/SchM_Mem_43_EXFLS.c:454:6:SchM_Exit_Mem_43_EXFLS_MEM_EXCLUSIVE_AREA_11	8	static
C:/Users/zhang_liu/workspaceS32DS.3.5/S32K358_TEMPLATE_S32DS/S32K358_TEMPLATE_S32DS_M7_0_0/MCAL/Rte_TS_T40D34M30I0R0/src/SchM_Mem_43_EXFLS.c:468:6:SchM_Enter_Mem_43_EXFLS_MEM_EXCLUSIVE_AREA_12	8	static
C:/Users/zhang_liu/workspaceS32DS.3.5/S32K358_TEMPLATE_S32DS/S32K358_TEMPLATE_S32DS_M7_0_0/MCAL/Rte_TS_T40D34M30I0R0/src/SchM_Mem_43_EXFLS.c:492:6:SchM_Exit_Mem_43_EXFLS_MEM_EXCLUSIVE_AREA_12	8	static
C:/Users/zhang_liu/workspaceS32DS.3.5/S32K358_TEMPLATE_S32DS/S32K358_TEMPLATE_S32DS_M7_0_0/MCAL/Rte_TS_T40D34M30I0R0/src/SchM_Mem_43_EXFLS.c:506:6:SchM_Enter_Mem_43_EXFLS_MEM_EXCLUSIVE_AREA_13	8	static
C:/Users/zhang_liu/workspaceS32DS.3.5/S32K358_TEMPLATE_S32DS/S32K358_TEMPLATE_S32DS_M7_0_0/MCAL/Rte_TS_T40D34M30I0R0/src/SchM_Mem_43_EXFLS.c:530:6:SchM_Exit_Mem_43_EXFLS_MEM_EXCLUSIVE_AREA_13	8	static
C:/Users/zhang_liu/workspaceS32DS.3.5/S32K358_TEMPLATE_S32DS/S32K358_TEMPLATE_S32DS_M7_0_0/MCAL/Rte_TS_T40D34M30I0R0/src/SchM_Mem_43_EXFLS.c:544:6:SchM_Enter_Mem_43_EXFLS_MEM_EXCLUSIVE_AREA_14	8	static
C:/Users/zhang_liu/workspaceS32DS.3.5/S32K358_TEMPLATE_S32DS/S32K358_TEMPLATE_S32DS_M7_0_0/MCAL/Rte_TS_T40D34M30I0R0/src/SchM_Mem_43_EXFLS.c:568:6:SchM_Exit_Mem_43_EXFLS_MEM_EXCLUSIVE_AREA_14	8	static
