C:/Users/zhang_liu/workspaceS32DS.3.5/S32K358_TEMPLATE_S32DS/S32K358_TEMPLATE_S32DS_M7_0_0/MCAL/Rte_TS_T40D34M30I0R0/src/SchM_MemAcc.c:309:8:MemAcc_schm_read_msr	0	static
C:/Users/zhang_liu/workspaceS32DS.3.5/S32K358_TEMPLATE_S32DS/S32K358_TEMPLATE_S32DS_M7_0_0/MCAL/Rte_TS_T40D34M30I0R0/src/SchM_MemAcc.c:393:6:SchM_Enter_MemAcc_MEMACC_EXCLUSIVE_AREA_10	8	static
C:/Users/zhang_liu/workspaceS32DS.3.5/S32K358_TEMPLATE_S32DS/S32K358_TEMPLATE_S32DS_M7_0_0/MCAL/Rte_TS_T40D34M30I0R0/src/SchM_MemAcc.c:417:6:SchM_Exit_MemAcc_MEMACC_EXCLUSIVE_AREA_10	8	static
C:/Users/zhang_liu/workspaceS32DS.3.5/S32K358_TEMPLATE_S32DS/S32K358_TEMPLATE_S32DS_M7_0_0/MCAL/Rte_TS_T40D34M30I0R0/src/SchM_MemAcc.c:431:6:SchM_Enter_MemAcc_MEMACC_EXCLUSIVE_AREA_11	8	static
C:/Users/zhang_liu/workspaceS32DS.3.5/S32K358_TEMPLATE_S32DS/S32K358_TEMPLATE_S32DS_M7_0_0/MCAL/Rte_TS_T40D34M30I0R0/src/SchM_MemAcc.c:455:6:SchM_Exit_MemAcc_MEMACC_EXCLUSIVE_AREA_11	8	static
C:/Users/zhang_liu/workspaceS32DS.3.5/S32K358_TEMPLATE_S32DS/S32K358_TEMPLATE_S32DS_M7_0_0/MCAL/Rte_TS_T40D34M30I0R0/src/SchM_MemAcc.c:469:6:SchM_Enter_MemAcc_MEMACC_EXCLUSIVE_AREA_12	8	static
C:/Users/zhang_liu/workspaceS32DS.3.5/S32K358_TEMPLATE_S32DS/S32K358_TEMPLATE_S32DS_M7_0_0/MCAL/Rte_TS_T40D34M30I0R0/src/SchM_MemAcc.c:493:6:SchM_Exit_MemAcc_MEMACC_EXCLUSIVE_AREA_12	8	static
C:/Users/zhang_liu/workspaceS32DS.3.5/S32K358_TEMPLATE_S32DS/S32K358_TEMPLATE_S32DS_M7_0_0/MCAL/Rte_TS_T40D34M30I0R0/src/SchM_MemAcc.c:507:6:SchM_Enter_MemAcc_MEMACC_EXCLUSIVE_AREA_13	8	static
C:/Users/zhang_liu/workspaceS32DS.3.5/S32K358_TEMPLATE_S32DS/S32K358_TEMPLATE_S32DS_M7_0_0/MCAL/Rte_TS_T40D34M30I0R0/src/SchM_MemAcc.c:531:6:SchM_Exit_MemAcc_MEMACC_EXCLUSIVE_AREA_13	8	static
C:/Users/zhang_liu/workspaceS32DS.3.5/S32K358_TEMPLATE_S32DS/S32K358_TEMPLATE_S32DS_M7_0_0/MCAL/Rte_TS_T40D34M30I0R0/src/SchM_MemAcc.c:545:6:SchM_Enter_MemAcc_MEMACC_EXCLUSIVE_AREA_14	8	static
C:/Users/zhang_liu/workspaceS32DS.3.5/S32K358_TEMPLATE_S32DS/S32K358_TEMPLATE_S32DS_M7_0_0/MCAL/Rte_TS_T40D34M30I0R0/src/SchM_MemAcc.c:569:6:SchM_Exit_MemAcc_MEMACC_EXCLUSIVE_AREA_14	8	static
C:/Users/zhang_liu/workspaceS32DS.3.5/S32K358_TEMPLATE_S32DS/S32K358_TEMPLATE_S32DS_M7_0_0/MCAL/Rte_TS_T40D34M30I0R0/src/SchM_MemAcc.c:583:6:SchM_Enter_MemAcc_MEMACC_EXCLUSIVE_AREA_15	8	static
C:/Users/zhang_liu/workspaceS32DS.3.5/S32K358_TEMPLATE_S32DS/S32K358_TEMPLATE_S32DS_M7_0_0/MCAL/Rte_TS_T40D34M30I0R0/src/SchM_MemAcc.c:607:6:SchM_Exit_MemAcc_MEMACC_EXCLUSIVE_AREA_15	8	static
