C:/Users/zhang_liu/workspaceS32DS.3.5/S32K358_TEMPLATE_S32DS/S32K358_TEMPLATE_S32DS_M7_0_0/MCAL/Rte_TS_T40D34M30I0R0/src/SchM_I2s.c:335:8:I2s_schm_read_msr	0	static
C:/Users/zhang_liu/workspaceS32DS.3.5/S32K358_TEMPLATE_S32DS/S32K358_TEMPLATE_S32DS_M7_0_0/MCAL/Rte_TS_T40D34M30I0R0/src/SchM_I2s.c:419:6:SchM_Enter_I2s_I2S_EXCLUSIVE_AREA_00	8	static
C:/Users/zhang_liu/workspaceS32DS.3.5/S32K358_TEMPLATE_S32DS/S32K358_TEMPLATE_S32DS_M7_0_0/MCAL/Rte_TS_T40D34M30I0R0/src/SchM_I2s.c:443:6:SchM_Exit_I2s_I2S_EXCLUSIVE_AREA_00	8	static
C:/Users/zhang_liu/workspaceS32DS.3.5/S32K358_TEMPLATE_S32DS/S32K358_TEMPLATE_S32DS_M7_0_0/MCAL/Rte_TS_T40D34M30I0R0/src/SchM_I2s.c:457:6:SchM_Enter_I2s_I2S_EXCLUSIVE_AREA_01	8	static
C:/Users/zhang_liu/workspaceS32DS.3.5/S32K358_TEMPLATE_S32DS/S32K358_TEMPLATE_S32DS_M7_0_0/MCAL/Rte_TS_T40D34M30I0R0/src/SchM_I2s.c:481:6:SchM_Exit_I2s_I2S_EXCLUSIVE_AREA_01	8	static
C:/Users/zhang_liu/workspaceS32DS.3.5/S32K358_TEMPLATE_S32DS/S32K358_TEMPLATE_S32DS_M7_0_0/MCAL/Rte_TS_T40D34M30I0R0/src/SchM_I2s.c:495:6:SchM_Enter_I2s_I2S_EXCLUSIVE_AREA_02	8	static
C:/Users/zhang_liu/workspaceS32DS.3.5/S32K358_TEMPLATE_S32DS/S32K358_TEMPLATE_S32DS_M7_0_0/MCAL/Rte_TS_T40D34M30I0R0/src/SchM_I2s.c:519:6:SchM_Exit_I2s_I2S_EXCLUSIVE_AREA_02	8	static
C:/Users/zhang_liu/workspaceS32DS.3.5/S32K358_TEMPLATE_S32DS/S32K358_TEMPLATE_S32DS_M7_0_0/MCAL/Rte_TS_T40D34M30I0R0/src/SchM_I2s.c:533:6:SchM_Enter_I2s_I2S_EXCLUSIVE_AREA_03	8	static
C:/Users/zhang_liu/workspaceS32DS.3.5/S32K358_TEMPLATE_S32DS/S32K358_TEMPLATE_S32DS_M7_0_0/MCAL/Rte_TS_T40D34M30I0R0/src/SchM_I2s.c:557:6:SchM_Exit_I2s_I2S_EXCLUSIVE_AREA_03	8	static
C:/Users/zhang_liu/workspaceS32DS.3.5/S32K358_TEMPLATE_S32DS/S32K358_TEMPLATE_S32DS_M7_0_0/MCAL/Rte_TS_T40D34M30I0R0/src/SchM_I2s.c:571:6:SchM_Enter_I2s_I2S_EXCLUSIVE_AREA_04	8	static
C:/Users/zhang_liu/workspaceS32DS.3.5/S32K358_TEMPLATE_S32DS/S32K358_TEMPLATE_S32DS_M7_0_0/MCAL/Rte_TS_T40D34M30I0R0/src/SchM_I2s.c:595:6:SchM_Exit_I2s_I2S_EXCLUSIVE_AREA_04	8	static
C:/Users/zhang_liu/workspaceS32DS.3.5/S32K358_TEMPLATE_S32DS/S32K358_TEMPLATE_S32DS_M7_0_0/MCAL/Rte_TS_T40D34M30I0R0/src/SchM_I2s.c:609:6:SchM_Enter_I2s_I2S_EXCLUSIVE_AREA_05	8	static
C:/Users/zhang_liu/workspaceS32DS.3.5/S32K358_TEMPLATE_S32DS/S32K358_TEMPLATE_S32DS_M7_0_0/MCAL/Rte_TS_T40D34M30I0R0/src/SchM_I2s.c:633:6:SchM_Exit_I2s_I2S_EXCLUSIVE_AREA_05	8	static
C:/Users/zhang_liu/workspaceS32DS.3.5/S32K358_TEMPLATE_S32DS/S32K358_TEMPLATE_S32DS_M7_0_0/MCAL/Rte_TS_T40D34M30I0R0/src/SchM_I2s.c:647:6:SchM_Enter_I2s_I2S_EXCLUSIVE_AREA_06	8	static
C:/Users/zhang_liu/workspaceS32DS.3.5/S32K358_TEMPLATE_S32DS/S32K358_TEMPLATE_S32DS_M7_0_0/MCAL/Rte_TS_T40D34M30I0R0/src/SchM_I2s.c:671:6:SchM_Exit_I2s_I2S_EXCLUSIVE_AREA_06	8	static
C:/Users/zhang_liu/workspaceS32DS.3.5/S32K358_TEMPLATE_S32DS/S32K358_TEMPLATE_S32DS_M7_0_0/MCAL/Rte_TS_T40D34M30I0R0/src/SchM_I2s.c:685:6:SchM_Enter_I2s_I2S_EXCLUSIVE_AREA_07	8	static
C:/Users/zhang_liu/workspaceS32DS.3.5/S32K358_TEMPLATE_S32DS/S32K358_TEMPLATE_S32DS_M7_0_0/MCAL/Rte_TS_T40D34M30I0R0/src/SchM_I2s.c:709:6:SchM_Exit_I2s_I2S_EXCLUSIVE_AREA_07	8	static
C:/Users/zhang_liu/workspaceS32DS.3.5/S32K358_TEMPLATE_S32DS/S32K358_TEMPLATE_S32DS_M7_0_0/MCAL/Rte_TS_T40D34M30I0R0/src/SchM_I2s.c:723:6:SchM_Enter_I2s_I2S_EXCLUSIVE_AREA_08	8	static
C:/Users/zhang_liu/workspaceS32DS.3.5/S32K358_TEMPLATE_S32DS/S32K358_TEMPLATE_S32DS_M7_0_0/MCAL/Rte_TS_T40D34M30I0R0/src/SchM_I2s.c:747:6:SchM_Exit_I2s_I2S_EXCLUSIVE_AREA_08	8	static
C:/Users/zhang_liu/workspaceS32DS.3.5/S32K358_TEMPLATE_S32DS/S32K358_TEMPLATE_S32DS_M7_0_0/MCAL/Rte_TS_T40D34M30I0R0/src/SchM_I2s.c:761:6:SchM_Enter_I2s_I2S_EXCLUSIVE_AREA_09	8	static
C:/Users/zhang_liu/workspaceS32DS.3.5/S32K358_TEMPLATE_S32DS/S32K358_TEMPLATE_S32DS_M7_0_0/MCAL/Rte_TS_T40D34M30I0R0/src/SchM_I2s.c:785:6:SchM_Exit_I2s_I2S_EXCLUSIVE_AREA_09	8	static
C:/Users/zhang_liu/workspaceS32DS.3.5/S32K358_TEMPLATE_S32DS/S32K358_TEMPLATE_S32DS_M7_0_0/MCAL/Rte_TS_T40D34M30I0R0/src/SchM_I2s.c:799:6:SchM_Enter_I2s_I2S_EXCLUSIVE_AREA_10	8	static
C:/Users/zhang_liu/workspaceS32DS.3.5/S32K358_TEMPLATE_S32DS/S32K358_TEMPLATE_S32DS_M7_0_0/MCAL/Rte_TS_T40D34M30I0R0/src/SchM_I2s.c:823:6:SchM_Exit_I2s_I2S_EXCLUSIVE_AREA_10	8	static
C:/Users/zhang_liu/workspaceS32DS.3.5/S32K358_TEMPLATE_S32DS/S32K358_TEMPLATE_S32DS_M7_0_0/MCAL/Rte_TS_T40D34M30I0R0/src/SchM_I2s.c:837:6:SchM_Enter_I2s_I2S_EXCLUSIVE_AREA_11	8	static
C:/Users/zhang_liu/workspaceS32DS.3.5/S32K358_TEMPLATE_S32DS/S32K358_TEMPLATE_S32DS_M7_0_0/MCAL/Rte_TS_T40D34M30I0R0/src/SchM_I2s.c:861:6:SchM_Exit_I2s_I2S_EXCLUSIVE_AREA_11	8	static
C:/Users/zhang_liu/workspaceS32DS.3.5/S32K358_TEMPLATE_S32DS/S32K358_TEMPLATE_S32DS_M7_0_0/MCAL/Rte_TS_T40D34M30I0R0/src/SchM_I2s.c:875:6:SchM_Enter_I2s_I2S_EXCLUSIVE_AREA_12	8	static
C:/Users/zhang_liu/workspaceS32DS.3.5/S32K358_TEMPLATE_S32DS/S32K358_TEMPLATE_S32DS_M7_0_0/MCAL/Rte_TS_T40D34M30I0R0/src/SchM_I2s.c:899:6:SchM_Exit_I2s_I2S_EXCLUSIVE_AREA_12	8	static
C:/Users/zhang_liu/workspaceS32DS.3.5/S32K358_TEMPLATE_S32DS/S32K358_TEMPLATE_S32DS_M7_0_0/MCAL/Rte_TS_T40D34M30I0R0/src/SchM_I2s.c:913:6:SchM_Enter_I2s_I2S_EXCLUSIVE_AREA_13	8	static
C:/Users/zhang_liu/workspaceS32DS.3.5/S32K358_TEMPLATE_S32DS/S32K358_TEMPLATE_S32DS_M7_0_0/MCAL/Rte_TS_T40D34M30I0R0/src/SchM_I2s.c:937:6:SchM_Exit_I2s_I2S_EXCLUSIVE_AREA_13	8	static
C:/Users/zhang_liu/workspaceS32DS.3.5/S32K358_TEMPLATE_S32DS/S32K358_TEMPLATE_S32DS_M7_0_0/MCAL/Rte_TS_T40D34M30I0R0/src/SchM_I2s.c:951:6:SchM_Enter_I2s_I2S_EXCLUSIVE_AREA_14	8	static
C:/Users/zhang_liu/workspaceS32DS.3.5/S32K358_TEMPLATE_S32DS/S32K358_TEMPLATE_S32DS_M7_0_0/MCAL/Rte_TS_T40D34M30I0R0/src/SchM_I2s.c:975:6:SchM_Exit_I2s_I2S_EXCLUSIVE_AREA_14	8	static
C:/Users/zhang_liu/workspaceS32DS.3.5/S32K358_TEMPLATE_S32DS/S32K358_TEMPLATE_S32DS_M7_0_0/MCAL/Rte_TS_T40D34M30I0R0/src/SchM_I2s.c:989:6:SchM_Enter_I2s_I2S_EXCLUSIVE_AREA_15	8	static
C:/Users/zhang_liu/workspaceS32DS.3.5/S32K358_TEMPLATE_S32DS/S32K358_TEMPLATE_S32DS_M7_0_0/MCAL/Rte_TS_T40D34M30I0R0/src/SchM_I2s.c:1013:6:SchM_Exit_I2s_I2S_EXCLUSIVE_AREA_15	8	static
C:/Users/zhang_liu/workspaceS32DS.3.5/S32K358_TEMPLATE_S32DS/S32K358_TEMPLATE_S32DS_M7_0_0/MCAL/Rte_TS_T40D34M30I0R0/src/SchM_I2s.c:1027:6:SchM_Enter_I2s_I2S_EXCLUSIVE_AREA_16	8	static
C:/Users/zhang_liu/workspaceS32DS.3.5/S32K358_TEMPLATE_S32DS/S32K358_TEMPLATE_S32DS_M7_0_0/MCAL/Rte_TS_T40D34M30I0R0/src/SchM_I2s.c:1051:6:SchM_Exit_I2s_I2S_EXCLUSIVE_AREA_16	8	static
C:/Users/zhang_liu/workspaceS32DS.3.5/S32K358_TEMPLATE_S32DS/S32K358_TEMPLATE_S32DS_M7_0_0/MCAL/Rte_TS_T40D34M30I0R0/src/SchM_I2s.c:1065:6:SchM_Enter_I2s_I2S_EXCLUSIVE_AREA_17	8	static
C:/Users/zhang_liu/workspaceS32DS.3.5/S32K358_TEMPLATE_S32DS/S32K358_TEMPLATE_S32DS_M7_0_0/MCAL/Rte_TS_T40D34M30I0R0/src/SchM_I2s.c:1089:6:SchM_Exit_I2s_I2S_EXCLUSIVE_AREA_17	8	static
C:/Users/zhang_liu/workspaceS32DS.3.5/S32K358_TEMPLATE_S32DS/S32K358_TEMPLATE_S32DS_M7_0_0/MCAL/Rte_TS_T40D34M30I0R0/src/SchM_I2s.c:1103:6:SchM_Enter_I2s_I2S_EXCLUSIVE_AREA_18	8	static
C:/Users/zhang_liu/workspaceS32DS.3.5/S32K358_TEMPLATE_S32DS/S32K358_TEMPLATE_S32DS_M7_0_0/MCAL/Rte_TS_T40D34M30I0R0/src/SchM_I2s.c:1127:6:SchM_Exit_I2s_I2S_EXCLUSIVE_AREA_18	8	static
