C:/Users/zhang_liu/workspaceS32DS.3.5/S32K358_TEMPLATE_S32DS/S32K358_TEMPLATE_S32DS_M7_0_0/MCAL/Rte_TS_T40D34M30I0R0/src/SchM_Mem_43_INFLS.c:307:8:Mem_43_INFLS_schm_read_msr	0	static
C:/Users/zhang_liu/workspaceS32DS.3.5/S32K358_TEMPLATE_S32DS/S32K358_TEMPLATE_S32DS_M7_0_0/MCAL/Rte_TS_T40D34M30I0R0/src/SchM_Mem_43_INFLS.c:391:6:SchM_Enter_Mem_43_INFLS_MEM_EXCLUSIVE_AREA_01	8	static
C:/Users/zhang_liu/workspaceS32DS.3.5/S32K358_TEMPLATE_S32DS/S32K358_TEMPLATE_S32DS_M7_0_0/MCAL/Rte_TS_T40D34M30I0R0/src/SchM_Mem_43_INFLS.c:415:6:SchM_Exit_Mem_43_INFLS_MEM_EXCLUSIVE_AREA_01	8	static
C:/Users/zhang_liu/workspaceS32DS.3.5/S32K358_TEMPLATE_S32DS/S32K358_TEMPLATE_S32DS_M7_0_0/MCAL/Rte_TS_T40D34M30I0R0/src/SchM_Mem_43_INFLS.c:429:6:SchM_Enter_Mem_43_INFLS_MEM_EXCLUSIVE_AREA_02	8	static
C:/Users/zhang_liu/workspaceS32DS.3.5/S32K358_TEMPLATE_S32DS/S32K358_TEMPLATE_S32DS_M7_0_0/MCAL/Rte_TS_T40D34M30I0R0/src/SchM_Mem_43_INFLS.c:453:6:SchM_Exit_Mem_43_INFLS_MEM_EXCLUSIVE_AREA_02	8	static
C:/Users/zhang_liu/workspaceS32DS.3.5/S32K358_TEMPLATE_S32DS/S32K358_TEMPLATE_S32DS_M7_0_0/MCAL/Rte_TS_T40D34M30I0R0/src/SchM_Mem_43_INFLS.c:467:6:SchM_Enter_Mem_43_INFLS_MEM_EXCLUSIVE_AREA_03	8	static
C:/Users/zhang_liu/workspaceS32DS.3.5/S32K358_TEMPLATE_S32DS/S32K358_TEMPLATE_S32DS_M7_0_0/MCAL/Rte_TS_T40D34M30I0R0/src/SchM_Mem_43_INFLS.c:491:6:SchM_Exit_Mem_43_INFLS_MEM_EXCLUSIVE_AREA_03	8	static
C:/Users/zhang_liu/workspaceS32DS.3.5/S32K358_TEMPLATE_S32DS/S32K358_TEMPLATE_S32DS_M7_0_0/MCAL/Rte_TS_T40D34M30I0R0/src/SchM_Mem_43_INFLS.c:505:6:SchM_Enter_Mem_43_INFLS_MEM_EXCLUSIVE_AREA_04	8	static
C:/Users/zhang_liu/workspaceS32DS.3.5/S32K358_TEMPLATE_S32DS/S32K358_TEMPLATE_S32DS_M7_0_0/MCAL/Rte_TS_T40D34M30I0R0/src/SchM_Mem_43_INFLS.c:529:6:SchM_Exit_Mem_43_INFLS_MEM_EXCLUSIVE_AREA_04	8	static
C:/Users/zhang_liu/workspaceS32DS.3.5/S32K358_TEMPLATE_S32DS/S32K358_TEMPLATE_S32DS_M7_0_0/MCAL/Rte_TS_T40D34M30I0R0/src/SchM_Mem_43_INFLS.c:543:6:SchM_Enter_Mem_43_INFLS_MEM_EXCLUSIVE_AREA_05	8	static
C:/Users/zhang_liu/workspaceS32DS.3.5/S32K358_TEMPLATE_S32DS/S32K358_TEMPLATE_S32DS_M7_0_0/MCAL/Rte_TS_T40D34M30I0R0/src/SchM_Mem_43_INFLS.c:567:6:SchM_Exit_Mem_43_INFLS_MEM_EXCLUSIVE_AREA_05	8	static
