C:/Users/zhang_liu/workspaceS32DS.3.5/S32K358_TEMPLATE_S32DS/S32K358_TEMPLATE_S32DS_M7_0_0/MCAL/Det_TS_T40D34M30I0R0/src/Det_stub.c:103:9:Det_TestLastReportError	32	static
C:/Users/zhang_liu/workspaceS32DS.3.5/S32K358_TEMPLATE_S32DS/S32K358_TEMPLATE_S32DS_M7_0_0/MCAL/Det_TS_T40D34M30I0R0/src/Det_stub.c:136:9:Det_TestLastReportRuntimeError	32	static
C:/Users/zhang_liu/workspaceS32DS.3.5/S32K358_TEMPLATE_S32DS/S32K358_TEMPLATE_S32DS_M7_0_0/MCAL/Det_TS_T40D34M30I0R0/src/Det_stub.c:168:9:Det_TestLastReportTransientFault	32	static
C:/Users/zhang_liu/workspaceS32DS.3.5/S32K358_TEMPLATE_S32DS/S32K358_TEMPLATE_S32DS_M7_0_0/MCAL/Det_TS_T40D34M30I0R0/src/Det_stub.c:194:9:Det_TestNoError	16	static
C:/Users/zhang_liu/workspaceS32DS.3.5/S32K358_TEMPLATE_S32DS/S32K358_TEMPLATE_S32DS_M7_0_0/MCAL/Det_TS_T40D34M30I0R0/src/Det_stub.c:215:9:Det_TestNoRuntimeError	16	static
C:/Users/zhang_liu/workspaceS32DS.3.5/S32K358_TEMPLATE_S32DS/S32K358_TEMPLATE_S32DS_M7_0_0/MCAL/Det_TS_T40D34M30I0R0/src/Det_stub.c:236:9:Det_TestNoTransientFault	16	static
