C:/Users/zhang_liu/workspaceS32DS.3.5/S32K358_TEMPLATE_S32DS/S32K358_TEMPLATE_S32DS_M7_0_0/MCAL/Gpt_TS_T40D34M30I0R0/src/Gpt.c:1203:6:Gpt_GetVersionInfo	0	static
C:/Users/zhang_liu/workspaceS32DS.3.5/S32K358_TEMPLATE_S32DS/S32K358_TEMPLATE_S32DS_M7_0_0/MCAL/Gpt_TS_T40D34M30I0R0/src/Gpt.c:1260:6:Gpt_Init	24	static
C:/Users/zhang_liu/workspaceS32DS.3.5/S32K358_TEMPLATE_S32DS/S32K358_TEMPLATE_S32DS_M7_0_0/MCAL/Gpt_TS_T40D34M30I0R0/src/Gpt.c:1350:6:Gpt_DeInit	32	static
C:/Users/zhang_liu/workspaceS32DS.3.5/S32K358_TEMPLATE_S32DS/S32K358_TEMPLATE_S32DS_M7_0_0/MCAL/Gpt_TS_T40D34M30I0R0/src/Gpt.c:1451:15:Gpt_GetTimeElapsed	32	static
C:/Users/zhang_liu/workspaceS32DS.3.5/S32K358_TEMPLATE_S32DS/S32K358_TEMPLATE_S32DS_M7_0_0/MCAL/Gpt_TS_T40D34M30I0R0/src/Gpt.c:1551:15:Gpt_GetTimeRemaining	32	static
C:/Users/zhang_liu/workspaceS32DS.3.5/S32K358_TEMPLATE_S32DS/S32K358_TEMPLATE_S32DS_M7_0_0/MCAL/Gpt_TS_T40D34M30I0R0/src/Gpt.c:1658:6:Gpt_StartTimer	32	static
C:/Users/zhang_liu/workspaceS32DS.3.5/S32K358_TEMPLATE_S32DS/S32K358_TEMPLATE_S32DS_M7_0_0/MCAL/Gpt_TS_T40D34M30I0R0/src/Gpt.c:1735:6:Gpt_StopTimer	32	static
C:/Users/zhang_liu/workspaceS32DS.3.5/S32K358_TEMPLATE_S32DS/S32K358_TEMPLATE_S32DS_M7_0_0/MCAL/Gpt_TS_T40D34M30I0R0/src/Gpt.c:1806:6:Gpt_EnableNotification	4	static
C:/Users/zhang_liu/workspaceS32DS.3.5/S32K358_TEMPLATE_S32DS/S32K358_TEMPLATE_S32DS_M7_0_0/MCAL/Gpt_TS_T40D34M30I0R0/src/Gpt.c:1863:6:Gpt_DisableNotification	8	static
C:/Users/zhang_liu/workspaceS32DS.3.5/S32K358_TEMPLATE_S32DS/S32K358_TEMPLATE_S32DS_M7_0_0/MCAL/Gpt_TS_T40D34M30I0R0/src/Gpt.c:2199:6:Gpt_ProcessCommonInterrupt	4	static
C:/Users/zhang_liu/workspaceS32DS.3.5/S32K358_TEMPLATE_S32DS/S32K358_TEMPLATE_S32DS_M7_0_0/MCAL/Gpt_TS_T40D34M30I0R0/src/Gpt.c:2249:6:Gpt_ChangeNextTimeoutValue	0	static
