C:/Users/zhang_liu/workspaceS32DS.3.5/S32K358_TEMPLATE_S32DS/S32K358_TEMPLATE_S32DS_M7_0_0/MCAL/Gpt_TS_T40D34M30I0R0/src/Gpt_Ipw.c:303:6:Gpt_Ipw_InitInstances	16	static
C:/Users/zhang_liu/workspaceS32DS.3.5/S32K358_TEMPLATE_S32DS/S32K358_TEMPLATE_S32DS_M7_0_0/MCAL/Gpt_TS_T40D34M30I0R0/src/Gpt_Ipw.c:361:6:Gpt_Ipw_Init	0	static
C:/Users/zhang_liu/workspaceS32DS.3.5/S32K358_TEMPLATE_S32DS/S32K358_TEMPLATE_S32DS_M7_0_0/MCAL/Gpt_TS_T40D34M30I0R0/src/Gpt_Ipw.c:415:16:Gpt_Ipw_StartTimer	0	static
C:/Users/zhang_liu/workspaceS32DS.3.5/S32K358_TEMPLATE_S32DS/S32K358_TEMPLATE_S32DS_M7_0_0/MCAL/Gpt_TS_T40D34M30I0R0/src/Gpt_Ipw.c:479:15:Gpt_Ipw_GetTimeElapsed	16	static
C:/Users/zhang_liu/workspaceS32DS.3.5/S32K358_TEMPLATE_S32DS/S32K358_TEMPLATE_S32DS_M7_0_0/MCAL/Gpt_TS_T40D34M30I0R0/src/Gpt_Ipw.c:532:6:Gpt_Ipw_StopTimer	0	static
C:/Users/zhang_liu/workspaceS32DS.3.5/S32K358_TEMPLATE_S32DS/S32K358_TEMPLATE_S32DS_M7_0_0/MCAL/Gpt_TS_T40D34M30I0R0/src/Gpt_Ipw.c:586:6:Gpt_Ipw_EnableInterrupt	0	static
C:/Users/zhang_liu/workspaceS32DS.3.5/S32K358_TEMPLATE_S32DS/S32K358_TEMPLATE_S32DS_M7_0_0/MCAL/Gpt_TS_T40D34M30I0R0/src/Gpt_Ipw.c:637:6:Gpt_Ipw_DeInit	0	static
C:/Users/zhang_liu/workspaceS32DS.3.5/S32K358_TEMPLATE_S32DS/S32K358_TEMPLATE_S32DS_M7_0_0/MCAL/Gpt_TS_T40D34M30I0R0/src/Gpt_Ipw.c:688:6:Gpt_Ipw_DisableInterrupt	0	static
C:/Users/zhang_liu/workspaceS32DS.3.5/S32K358_TEMPLATE_S32DS/S32K358_TEMPLATE_S32DS_M7_0_0/MCAL/Gpt_TS_T40D34M30I0R0/src/Gpt_Ipw.c:745:16:Gpt_Ipw_ChangeNextTimeoutValue	8	static
