C:/Users/zhang_liu/workspaceS32DS.3.5/S32K358_TEMPLATE_S32DS/S32K358_TEMPLATE_S32DS_M7_0_0/MCAL/Gpt_TS_T40D34M30I0R0/src/Pit_Ip.c:755:20:Pit_Ip_ClearInterruptStatusFlag	0	static
C:/Users/zhang_liu/workspaceS32DS.3.5/S32K358_TEMPLATE_S32DS/S32K358_TEMPLATE_S32DS_M7_0_0/MCAL/Gpt_TS_T40D34M30I0R0/src/Pit_Ip.c:395:8:Pit_Ip_GetLoadValue	0	static
C:/Users/zhang_liu/workspaceS32DS.3.5/S32K358_TEMPLATE_S32DS/S32K358_TEMPLATE_S32DS_M7_0_0/MCAL/Gpt_TS_T40D34M30I0R0/src/Pit_Ip.c:1011:6:Pit_Ip_Init	0	static
C:/Users/zhang_liu/workspaceS32DS.3.5/S32K358_TEMPLATE_S32DS/S32K358_TEMPLATE_S32DS_M7_0_0/MCAL/Gpt_TS_T40D34M30I0R0/src/Pit_Ip.c:1081:6:Pit_Ip_InitChannel	24	static
C:/Users/zhang_liu/workspaceS32DS.3.5/S32K358_TEMPLATE_S32DS/S32K358_TEMPLATE_S32DS_M7_0_0/MCAL/Gpt_TS_T40D34M30I0R0/src/Pit_Ip.c:1132:6:Pit_Ip_Deinit	20	static
C:/Users/zhang_liu/workspaceS32DS.3.5/S32K358_TEMPLATE_S32DS/S32K358_TEMPLATE_S32DS_M7_0_0/MCAL/Gpt_TS_T40D34M30I0R0/src/Pit_Ip.c:1261:19:Pit_Ip_StartChannel	16	static
C:/Users/zhang_liu/workspaceS32DS.3.5/S32K358_TEMPLATE_S32DS/S32K358_TEMPLATE_S32DS_M7_0_0/MCAL/Gpt_TS_T40D34M30I0R0/src/Pit_Ip.c:1329:6:Pit_Ip_StopChannel	16	static
C:/Users/zhang_liu/workspaceS32DS.3.5/S32K358_TEMPLATE_S32DS/S32K358_TEMPLATE_S32DS_M7_0_0/MCAL/Gpt_TS_T40D34M30I0R0/src/Pit_Ip.c:1358:8:Pit_Ip_GetCurrentTimer	0	static
C:/Users/zhang_liu/workspaceS32DS.3.5/S32K358_TEMPLATE_S32DS/S32K358_TEMPLATE_S32DS_M7_0_0/MCAL/Gpt_TS_T40D34M30I0R0/src/Pit_Ip.c:1388:6:Pit_Ip_EnableChannelInterrupt	16	static
C:/Users/zhang_liu/workspaceS32DS.3.5/S32K358_TEMPLATE_S32DS/S32K358_TEMPLATE_S32DS_M7_0_0/MCAL/Gpt_TS_T40D34M30I0R0/src/Pit_Ip.c:1416:6:Pit_Ip_DisableChannelInterrupt	16	static
C:/Users/zhang_liu/workspaceS32DS.3.5/S32K358_TEMPLATE_S32DS/S32K358_TEMPLATE_S32DS_M7_0_0/MCAL/Gpt_TS_T40D34M30I0R0/src/Pit_Ip.c:1445:6:Pit_Ip_ChangeNextTimeoutValue	12	static
C:/Users/zhang_liu/workspaceS32DS.3.5/S32K358_TEMPLATE_S32DS/S32K358_TEMPLATE_S32DS_M7_0_0/MCAL/Gpt_TS_T40D34M30I0R0/src/Pit_Ip.c:1524:6:Pit_Ip_SetLifetimeTimer	16	static
C:/Users/zhang_liu/workspaceS32DS.3.5/S32K358_TEMPLATE_S32DS/S32K358_TEMPLATE_S32DS_M7_0_0/MCAL/Gpt_TS_T40D34M30I0R0/src/Pit_Ip.c:1563:8:Pit_Ip_GetLifetimeTimer	0	static
C:/Users/zhang_liu/workspaceS32DS.3.5/S32K358_TEMPLATE_S32DS/S32K358_TEMPLATE_S32DS_M7_0_0/MCAL/Gpt_TS_T40D34M30I0R0/src/Pit_Ip.c:1610:1:PIT_0_ISR	32	static
